Component: ARM Compiler 5.06 update 4 (build 422) Tool: armlink [4d35d2]

==============================================================================

Section Cross References

    stm32f3xx_hal_msp.o(i.HAL_MspInit) refers to stm32f3xx_hal_cortex.o(i.HAL_NVIC_SetPriorityGrouping) for HAL_NVIC_SetPriorityGrouping
    stm32f3xx_hal_msp.o(i.HAL_MspInit) refers to stm32f3xx_hal_cortex.o(i.HAL_NVIC_SetPriority) for HAL_NVIC_SetPriority
    stm32f3xx_it.o(i.DMA1_Channel2_IRQHandler) refers to stm32f3xx_hal_dma.o(i.HAL_DMA_IRQHandler) for HAL_DMA_IRQHandler
    stm32f3xx_it.o(i.DMA1_Channel2_IRQHandler) refers to tim.o(.bss) for hdma_tim2_up
    stm32f3xx_it.o(i.DMA1_Channel6_IRQHandler) refers to stm32f3xx_hal_dma.o(i.HAL_DMA_IRQHandler) for HAL_DMA_IRQHandler
    stm32f3xx_it.o(i.DMA1_Channel6_IRQHandler) refers to usart.o(.bss) for hdma_usart2_rx
    stm32f3xx_it.o(i.DMA1_Channel7_IRQHandler) refers to stm32f3xx_hal_dma.o(i.HAL_DMA_IRQHandler) for HAL_DMA_IRQHandler
    stm32f3xx_it.o(i.DMA1_Channel7_IRQHandler) refers to tim.o(.bss) for hdma_tim4_up
    stm32f3xx_it.o(i.DMA1_Channel7_IRQHandler) refers to usart.o(.bss) for hdma_usart2_tx
    stm32f3xx_it.o(i.SysTick_Handler) refers to tasks.o(i.xTaskGetSchedulerState) for xTaskGetSchedulerState
    stm32f3xx_it.o(i.SysTick_Handler) refers to port.o(i.xPortSysTickHandler) for xPortSysTickHandler
    stm32f3xx_it.o(i.SysTick_Handler) refers to stm32f3xx_hal.o(i.HAL_IncTick) for HAL_IncTick
    stm32f3xx_it.o(i.TIM4_IRQHandler) refers to tim.o(i.COUNTER_PeriodElapsedCallback) for COUNTER_PeriodElapsedCallback
    stm32f3xx_it.o(i.TIM4_IRQHandler) refers to tim.o(i.LOG_ANLYS_TriggerEventOccuredCallback) for LOG_ANLYS_TriggerEventOccuredCallback
    stm32f3xx_it.o(i.TIM4_IRQHandler) refers to tim.o(i.LOG_ANLYS_PeriodElapsedCallback) for LOG_ANLYS_PeriodElapsedCallback
    stm32f3xx_it.o(i.TIM4_IRQHandler) refers to logic_analyzer.o(.bss) for logAnlys
    stm32f3xx_it.o(i.TIM4_IRQHandler) refers to tim.o(.bss) for htim4
    stm32f3xx_it.o(i.USART2_IRQHandler) refers to comms_hal.o(i.commsRecieveUART) for commsRecieveUART
    stm32f3xx_it.o(i.USART2_IRQHandler) refers to stm32f3xx_hal_cortex.o(i.HAL_NVIC_ClearPendingIRQ) for HAL_NVIC_ClearPendingIRQ
    main.o(i.StartThread) refers to queue.o(i.xQueueGenericSend) for xQueueGenericSend
    main.o(i.StartThread) refers to cmsis_os.o(i.osDelay) for osDelay
    main.o(i.StartThread) refers to comms.o(.data) for messageQueue
    main.o(i.main) refers to stm32f3xx_hal.o(i.HAL_Init) for HAL_Init
    main.o(i.main) refers to clock.o(i.SystemClock_Config) for SystemClock_Config
    main.o(i.main) refers to gpio.o(i.MX_GPIO_Init) for MX_GPIO_Init
    main.o(i.main) refers to dma.o(i.MX_DMA_Init) for MX_DMA_Init
    main.o(i.main) refers to gpio.o(i.LED_On) for LED_On
    main.o(i.main) refers to adc.o(i.MX_ADC1_Init) for MX_ADC1_Init
    main.o(i.main) refers to adc.o(i.MX_ADC2_Init) for MX_ADC2_Init
    main.o(i.main) refers to adc.o(i.MX_ADC3_Init) for MX_ADC3_Init
    main.o(i.main) refers to adc.o(i.MX_ADC4_Init) for MX_ADC4_Init
    main.o(i.main) refers to tim.o(i.MX_TIM15_Init) for MX_TIM15_Init
    main.o(i.main) refers to adc.o(i.CalibrateADC) for CalibrateADC
    main.o(i.main) refers to adc.o(i.adcSetDefaultInputs) for adcSetDefaultInputs
    main.o(i.main) refers to dac.o(i.MX_DAC_Init) for MX_DAC_Init
    main.o(i.main) refers to tim.o(i.MX_TIM6_Init) for MX_TIM6_Init
    main.o(i.main) refers to tim.o(i.MX_TIM7_Init) for MX_TIM7_Init
    main.o(i.main) refers to gpio.o(i.detectScopeShield) for detectScopeShield
    main.o(i.main) refers to cmsis_os.o(i.osThreadCreate) for osThreadCreate
    main.o(i.main) refers to gpio.o(i.LED_Off) for LED_Off
    main.o(i.main) refers to cmsis_os.o(i.osKernelStart) for osKernelStart
    main.o(i.main) refers to main.o(.constdata) for .constdata
    main.o(.constdata) refers to main.o(.conststring) for .conststring
    main.o(.constdata) refers to cmd_parser.o(i.CmdParserTask) for CmdParserTask
    main.o(.constdata) refers to main.o(i.StartThread) for StartThread
    main.o(.constdata) refers to comms.o(i.CommTask) for CommTask
    main.o(.constdata) refers to comms.o(i.LLCommTask) for LLCommTask
    main.o(.constdata) refers to scope.o(i.ScopeTask) for ScopeTask
    main.o(.constdata) refers to scope.o(i.ScopeTriggerTask) for ScopeTriggerTask
    main.o(.constdata) refers to counter.o(i.CounterTask) for CounterTask
    main.o(.constdata) refers to generator.o(i.GeneratorTask) for GeneratorTask
    main.o(.constdata) refers to sync_pwm.o(i.SyncPwmTask) for SyncPwmTask
    main.o(.constdata) refers to logic_analyzer.o(i.LogAnlysTask) for LogAnlysTask
    tim.o(i.COUNTER_PeriodElapsedCallback) refers to counter.o(i.counterPeriodElapsedCallback) for counterPeriodElapsedCallback
    tim.o(i.DMA_Restart) refers to stm32f3xx_hal_dma.o(i.HAL_DMA_Abort) for HAL_DMA_Abort
    tim.o(i.DMA_Restart) refers to stm32f3xx_hal_dma.o(i.HAL_DMA_Start) for HAL_DMA_Start
[...]
    TIM_IC1PSC_GetPrescaler                  0x080076fd   Thumb Code    42  tim.o(i.TIM_IC1PSC_GetPrescaler)
    TIM_IC1_FallingOnly                      0x08007727   Thumb Code    22  tim.o(i.TIM_IC1_FallingOnly)
    TIM_IC1_PSC_Config                       0x0800773d   Thumb Code    54  tim.o(i.TIM_IC1_PSC_Config)
    TIM_IC1_RisingFalling                    0x08007773   Thumb Code    14  tim.o(i.TIM_IC1_RisingFalling)
    TIM_IC1_RisingOnly                       0x08007781   Thumb Code    14  tim.o(i.TIM_IC1_RisingOnly)
    TIM_IC2PSC_GetPrescaler                  0x0800778f   Thumb Code    42  tim.o(i.TIM_IC2PSC_GetPrescaler)
    TIM_IC2_FallingOnly                      0x080077b9   Thumb Code    22  tim.o(i.TIM_IC2_FallingOnly)
    TIM_IC2_PSC_Config                       0x080077cf   Thumb Code    54  tim.o(i.TIM_IC2_PSC_Config)
    TIM_IC2_RisingFalling                    0x08007805   Thumb Code    14  tim.o(i.TIM_IC2_RisingFalling)
    TIM_IC2_RisingOnly                       0x08007813   Thumb Code    14  tim.o(i.TIM_IC2_RisingOnly)
    TIM_IC_DutyCycleDmaRestart               0x08007821   Thumb Code    48  tim.o(i.TIM_IC_DutyCycleDmaRestart)
    TIM_IC_DutyCycle_Deinit                  0x08007865   Thumb Code   144  tim.o(i.TIM_IC_DutyCycle_Deinit)
    TIM_IC_DutyCycle_Init                    0x0800790d   Thumb Code   218  tim.o(i.TIM_IC_DutyCycle_Init)
    TIM_IC_DutyCycle_Start                   0x080079f1   Thumb Code    88  tim.o(i.TIM_IC_DutyCycle_Start)
    TIM_IC_DutyCycle_Stop                    0x08007a65   Thumb Code    52  tim.o(i.TIM_IC_DutyCycle_Stop)
    TIM_IC_Start                             0x08007aa1   Thumb Code    82  tim.o(i.TIM_IC_Start)
    TIM_IC_Stop                              0x08007b11   Thumb Code    66  tim.o(i.TIM_IC_Stop)
    TIM_LogAnlys_Deinit                      0x08007b65   Thumb Code    36  tim.o(i.TIM_LogAnlys_Deinit)
    TIM_LogAnlys_FallingTrigger              0x08007b8d   Thumb Code    80  tim.o(i.TIM_LogAnlys_FallingTrigger)
    TIM_LogAnlys_Init                        0x08007be5   Thumb Code   160  tim.o(i.TIM_LogAnlys_Init)
    TIM_LogAnlys_RisingTrigger               0x08007c95   Thumb Code    72  tim.o(i.TIM_LogAnlys_RisingTrigger)
    TIM_LogAnlys_Start                       0x08007ce5   Thumb Code    34  tim.o(i.TIM_LogAnlys_Start)
    TIM_LogAnlys_Stop                        0x08007d19   Thumb Code    36  tim.o(i.TIM_LogAnlys_Stop)
    TIM_OC1_SetConfig                        0x08007d4d   Thumb Code   156  stm32f3xx_hal_tim.o(i.TIM_OC1_SetConfig)
    TIM_OC2_SetConfig                        0x08007e01   Thumb Code   146  stm32f3xx_hal_tim.o(i.TIM_OC2_SetConfig)
    TIM_OC3_SetConfig                        0x08007ea1   Thumb Code   146  stm32f3xx_hal_tim.o(i.TIM_OC3_SetConfig)
    TIM_OC4_SetConfig                        0x08007f41   Thumb Code   128  stm32f3xx_hal_tim.o(i.TIM_OC4_SetConfig)
    TIM_PostTrigger_ARR_PSC_Reconfig         0x08007fc1   Thumb Code    18  tim.o(i.TIM_PostTrigger_ARR_PSC_Reconfig)
    TIM_PostTrigger_SoftwareStart            0x08007fd9   Thumb Code    14  tim.o(i.TIM_PostTrigger_SoftwareStart)
    TIM_PreTriggerDelay                      0x08007fed   Thumb Code    28  tim.o(i.TIM_PreTriggerDelay)
    TIM_REF_SecondInputDisable               0x08008011   Thumb Code    12  tim.o(i.TIM_REF_SecondInputDisable)
    TIM_Reconfig                             0x08008021   Thumb Code   174  tim.o(i.TIM_Reconfig)
    TIM_Reconfig_gen                         0x080080d1   Thumb Code    22  tim.o(i.TIM_Reconfig_gen)
    TIM_Reconfig_scope                       0x080080f1   Thumb Code     8  tim.o(i.TIM_Reconfig_scope)
    TIM_SYNC_PWM_ChannelState                0x080080fd   Thumb Code    68  tim.o(i.TIM_SYNC_PWM_ChannelState)
    TIM_SYNC_PWM_DMA_ChanConfig              0x08008145   Thumb Code    44  tim.o(i.TIM_SYNC_PWM_DMA_ChanConfig)
    TIM_SYNC_PWM_Deinit                      0x08008175   Thumb Code    28  tim.o(i.TIM_SYNC_PWM_Deinit)
    TIM_SYNC_PWM_Init                        0x08008199   Thumb Code    16  tim.o(i.TIM_SYNC_PWM_Init)
    TIM_SYNC_PWM_Start                       0x080081ad   Thumb Code   196  tim.o(i.TIM_SYNC_PWM_Start)
    TIM_SYNC_PWM_StepMode_Disable            0x0800829d   Thumb Code    18  tim.o(i.TIM_SYNC_PWM_StepMode_Disable)
    TIM_SYNC_PWM_StepMode_Enable             0x080082b9   Thumb Code    18  tim.o(i.TIM_SYNC_PWM_StepMode_Enable)
    TIM_SYNC_PWM_Stop                        0x080082d5   Thumb Code   252  tim.o(i.TIM_SYNC_PWM_Stop)
    TIM_SamplingFreq_ARR_PSC_Reconfig        0x080083fd   Thumb Code    34  tim.o(i.TIM_SamplingFreq_ARR_PSC_Reconfig)
    TIM_TI_Sequence_AB                       0x08008509   Thumb Code    50  tim.o(i.TIM_TI_Sequence_AB)
    TIM_TI_Sequence_BA                       0x08008541   Thumb Code    50  tim.o(i.TIM_TI_Sequence_BA)
    TIM_TI_Start                             0x08008579   Thumb Code   350  tim.o(i.TIM_TI_Start)
    TIM_TI_Stop                              0x08008705   Thumb Code    64  tim.o(i.TIM_TI_Stop)
    TIM_TriggerConfig                        0x08008755   Thumb Code   392  tim.o(i.TIM_TriggerConfig)
    TIM_counter_etr_init                     0x080088f9   Thumb Code   158  tim.o(i.TIM_counter_etr_init)
    TIM_counter_ic_init                      0x080089a5   Thumb Code    44  tim.o(i.TIM_counter_ic_init)
    TIM_counter_ref_init                     0x080089d9   Thumb Code   182  tim.o(i.TIM_counter_ref_init)
    TIM_counter_ti_init                      0x08008a9d   Thumb Code   172  tim.o(i.TIM_counter_ti_init)
    TIM_etr_deinit                           0x08008b59   Thumb Code    18  tim.o(i.TIM_etr_deinit)
    TIM_ic_deinit                            0x08008b75   Thumb Code    18  tim.o(i.TIM_ic_deinit)
    TIM_ref_deinit                           0x08008b91   Thumb Code    18  tim.o(i.TIM_ref_deinit)
    TIM_ti_deinit                            0x08008bad   Thumb Code    72  tim.o(i.TIM_ti_deinit)
    UART_AdvFeatureConfig                    0x08008bfd   Thumb Code   218  stm32f3xx_hal_uart.o(i.UART_AdvFeatureConfig)
    UART_CheckIdleState                      0x08008cd7   Thumb Code    96  stm32f3xx_hal_uart.o(i.UART_CheckIdleState)
    UART_SetConfig                           0x08008e29   Thumb Code   568  stm32f3xx_hal_uart.o(i.UART_SetConfig)
    UART_WaitOnFlagUntilTimeout              0x08009071   Thumb Code   118  stm32f3xx_hal_uart.o(i.UART_WaitOnFlagUntilTimeout)
    UARTsendBuff                             0x080090e9   Thumb Code    38  usart.o(i.UARTsendBuff)
    USART2_IRQHandler                        0x08009119   Thumb Code    22  stm32f3xx_it.o(i.USART2_IRQHandler)
    __0sprintf                               0x08009135   Thumb Code    34  printfa.o(i.__0sprintf)
    __1sprintf                               0x08009135   Thumb Code     0  printfa.o(i.__0sprintf)
    __2sprintf                               0x08009135   Thumb Code     0  printfa.o(i.__0sprintf)
    __c89sprintf                             0x08009135   Thumb Code     0  printfa.o(i.__0sprintf)
    sprintf                                  0x08009135   Thumb Code     0  printfa.o(i.__0sprintf)
    __ARM_fpclassify                         0x0800915d   Thumb Code    48  fpclassify.o(i.__ARM_fpclassify)
    __hardfp_pow                             0x08009191   Thumb Code  3072  pow.o(i.__hardfp_pow)
    __kernel_poly                            0x08009de1   Thumb Code   248  poly.o(i.__kernel_poly)
    __mathlib_dbl_divzero                    0x08009ed9   Thumb Code    28  dunder.o(i.__mathlib_dbl_divzero)
    __mathlib_dbl_infnan2                    0x08009f09   Thumb Code    20  dunder.o(i.__mathlib_dbl_infnan2)
    __mathlib_dbl_invalid                    0x08009f21   Thumb Code    24  dunder.o(i.__mathlib_dbl_invalid)
    __mathlib_dbl_overflow                   0x08009f41   Thumb Code    24  dunder.o(i.__mathlib_dbl_overflow)
    __mathlib_dbl_underflow                  0x08009f61   Thumb Code    24  dunder.o(i.__mathlib_dbl_underflow)
    __scatterload_copy                       0x08009f81   Thumb Code    14  handlers.o(i.__scatterload_copy)
    __scatterload_null                       0x08009f8f   Thumb Code     2  handlers.o(i.__scatterload_null)
    __scatterload_zeroinit                   0x08009f91   Thumb Code    14  handlers.o(i.__scatterload_zeroinit)
    __set_errno                              0x08009fa1   Thumb Code     6  errno.o(i.__set_errno)
    adcSetDefaultInputs                      0x0800a869   Thumb Code    10  adc.o(i.adcSetDefaultInputs)
    adcSetInputChannel                       0x0800a87d   Thumb Code   102  adc.o(i.adcSetInputChannel)
    adcSetResolution                         0x0800a909   Thumb Code   120  adc.o(i.adcSetResolution)
    commBufferReadByte                       0x0800a9a5   Thumb Code    60  comms.o(i.commBufferReadByte)
    commBufferReadNBytes                     0x0800a9e5   Thumb Code    98  comms.o(i.commBufferReadNBytes)
    commInputByte                            0x0800aa4d   Thumb Code   112  comms.o(i.commInputByte)
    commsRecieveUART                         0x0800aad5   Thumb Code     4  comms_hal.o(i.commsRecieveUART)
    commsSendBuffDMA                         0x0800aad9   Thumb Code   228  comms_hal.o(i.commsSendBuffDMA)
    commsSendDMA                             0x0800abc5   Thumb Code    92  comms_hal.o(i.commsSendDMA)
    commsSendInt32DMA                        0x0800ac29   Thumb Code    34  comms_hal.o(i.commsSendInt32DMA)
    commsSendString                          0x0800ac4b   Thumb Code    22  comms_hal.o(i.commsSendString)
    commsSendStringDMA                       0x0800ac61   Thumb Code   286  comms_hal.o(i.commsSendStringDMA)
    commsSendUint32DMA                       0x0800ad89   Thumb Code    34  comms_hal.o(i.commsSendUint32DMA)
    counterDeinit                            0x0800adad   Thumb Code    14  counter.o(i.counterDeinit)
    counterEtrRefSetDefault                  0x0800add1   Thumb Code    64  counter.o(i.counterEtrRefSetDefault)
    counterIc1DutyCycleDeinit                0x0800ae15   Thumb Code    16  counter.o(i.counterIc1DutyCycleDeinit)
    counterIc1DutyCycleInit                  0x0800ae29   Thumb Code    12  counter.o(i.counterIc1DutyCycleInit)
    counterIc2DutyCycleDeinit                0x0800ae39   Thumb Code    16  counter.o(i.counterIc2DutyCycleDeinit)
    counterIc2DutyCycleInit                  0x0800ae4d   Thumb Code    12  counter.o(i.counterIc2DutyCycleInit)
    counterIcDutyCycleDisable                0x0800ae5d   Thumb Code     4  counter.o(i.counterIcDutyCycleDisable)
    counterIcDutyCycleEnable                 0x0800ae61   Thumb Code     4  counter.o(i.counterIcDutyCycleEnable)
    counterIcDutyCycleProcess                0x0800ae69   Thumb Code   302  counter.o(i.counterIcDutyCycleProcess)
    counterIcProcess                         0x0800afd9   Thumb Code   318  counter.o(i.counterIcProcess)
    counterIcTiSetDefault                    0x0800b13d   Thumb Code    82  counter.o(i.counterIcTiSetDefault)
    counterPeriodElapsedCallback             0x0800b195   Thumb Code    28  counter.o(i.counterPeriodElapsedCallback)
    counterSendStart                         0x0800b1b5   Thumb Code    14  counter.o(i.counterSendStart)
    counterSendStop                          0x0800b1d9   Thumb Code    14  counter.o(i.counterSendStop)
    counterSetEtrGate                        0x0800b1fd   Thumb Code    20  counter.o(i.counterSetEtrGate)
    counterSetIc1Prescaler                   0x0800b225   Thumb Code    18  counter.o(i.counterSetIc1Prescaler)
    counterSetIc1SampleCount                 0x0800b23d   Thumb Code    38  counter.o(i.counterSetIc1SampleCount)
    counterSetIc2Prescaler                   0x0800b271   Thumb Code    18  counter.o(i.counterSetIc2Prescaler)
    counterSetIc2SampleCount                 0x0800b289   Thumb Code    38  counter.o(i.counterSetIc2SampleCount)
    counterSetIcTi1_Falling                  0x0800b2bd   Thumb Code    12  counter.o(i.counterSetIcTi1_Falling)
    counterSetIcTi1_Rising                   0x0800b2cd   Thumb Code    12  counter.o(i.counterSetIcTi1_Rising)
    counterSetIcTi1_RisingFalling            0x0800b2dd   Thumb Code    16  counter.o(i.counterSetIcTi1_RisingFalling)
    counterSetIcTi2_Falling                  0x0800b2f1   Thumb Code    12  counter.o(i.counterSetIcTi2_Falling)
    counterSetIcTi2_Rising                   0x0800b301   Thumb Code    12  counter.o(i.counterSetIcTi2_Rising)
    counterSetIcTi2_RisingFalling            0x0800b311   Thumb Code    16  counter.o(i.counterSetIcTi2_RisingFalling)
    counterSetMode                           0x0800b325   Thumb Code    70  counter.o(i.counterSetMode)
    counterSetRefArr                         0x0800b3a1   Thumb Code    20  counter.o(i.counterSetRefArr)
    counterSetRefPsc                         0x0800b3b9   Thumb Code    20  counter.o(i.counterSetRefPsc)
    counterSetTiMode_Dependent               0x0800b3d1   Thumb Code    10  counter.o(i.counterSetTiMode_Dependent)
    counterSetTiMode_Independent             0x0800b3e1   Thumb Code    10  counter.o(i.counterSetTiMode_Independent)
    counterSetTiSequence_AB                  0x0800b3f1   Thumb Code     4  counter.o(i.counterSetTiSequence_AB)
    counterSetTiSequence_BA                  0x0800b3f5   Thumb Code     4  counter.o(i.counterSetTiSequence_BA)
    counterSetTiTimeout                      0x0800b3f9   Thumb Code     8  counter.o(i.counterSetTiTimeout)
    counterTiProcess                         0x0800b405   Thumb Code   230  counter.o(i.counterTiProcess)
    detectScopeShield                        0x0800b529   Thumb Code    84  gpio.o(i.detectScopeShield)
    fabs                                     0x0800b581   Thumb Code    24  fabs.o(i.fabs)
    flushBuff                                0x0800b599   Thumb Code    38  comms_hal.o(i.flushBuff)
    genDataOKSendNext                        0x0800b5c9   Thumb Code    14  generator.o(i.genDataOKSendNext)
    genGetRealSmplFreq                       0x0800b5e9   Thumb Code    10  generator.o(i.genGetRealSmplFreq)
    genReset                                 0x0800b5f9   Thumb Code    14  generator.o(i.genReset)
    genSendRealSamplingFreq                  0x0800b615   Thumb Code    14  generator.o(i.genSendRealSamplingFreq)
    genSetDAC                                0x0800b639   Thumb Code   294  generator.o(i.genSetDAC)
    genSetData                               0x0800b775   Thumb Code   120  generator.o(i.genSetData)
    genSetFrequency                          0x0800b801   Thumb Code    46  generator.o(i.genSetFrequency)
    genSetLength                             0x0800b839   Thumb Code    58  generator.o(i.genSetLength)
    genSetMode                               0x0800b88d   Thumb Code    34  generator.o(i.genSetMode)
    genSetNumOfChannels                      0x0800b8d5   Thumb Code   132  generator.o(i.genSetNumOfChannels)
    genSetOutputBuffer                       0x0800b969   Thumb Code     4  generator.o(i.genSetOutputBuffer)
    genSetPwmFrequencyARR                    0x0800b96d   Thumb Code     6  generator.o(i.genSetPwmFrequencyARR)
    genSetPwmFrequencyPSC                    0x0800b973   Thumb Code     6  generator.o(i.genSetPwmFrequencyPSC)
    genStart                                 0x0800b979   Thumb Code    14  generator.o(i.genStart)
    genStatusOK                              0x0800b995   Thumb Code    14  generator.o(i.genStatusOK)
    genStop                                  0x0800b9b1   Thumb Code    14  generator.o(i.genStop)
    genUnsetOutputBuffer                     0x0800b9cd   Thumb Code     4  generator.o(i.genUnsetOutputBuffer)
    generator_deinit                         0x0800b9d1   Thumb Code    20  generator.o(i.generator_deinit)
    getADCRes                                0x0800b9e9   Thumb Code     6  scope.o(i.getADCRes)
    getBytesAvailable                        0x0800b9f5   Thumb Code    48  comms.o(i.getBytesAvailable)
    getDataPointer                           0x0800ba29   Thumb Code    10  scope.o(i.getDataPointer)
    getMaxScopeSamplingFreq                  0x0800ba39   Thumb Code    32  tim.o(i.getMaxScopeSamplingFreq)
    getOneChanMemSize                        0x0800ba61   Thumb Code     6  scope.o(i.getOneChanMemSize)
    getPretrigger                            0x0800ba6d   Thumb Code     6  scope.o(i.getPretrigger)
    getSamples                               0x0800ba79   Thumb Code     6  scope.o(i.getSamples)
    getScopeState                            0x0800ba85   Thumb Code     8  scope.o(i.getScopeState)
    getTriggerIndex                          0x0800ba91   Thumb Code     6  scope.o(i.getTriggerIndex)
    isScopeShieldConnected                   0x0800ba9d   Thumb Code     6  gpio.o(i.isScopeShieldConnected)
    isXferComplete                           0x0800baa9   Thumb Code    16  usart.o(i.isXferComplete)
    logAnlysPeriodElapsedCallback            0x0800babd   Thumb Code    18  logic_analyzer.o(i.logAnlysPeriodElapsedCallback)
    logAnlysSendDeinit                       0x0800bae9   Thumb Code    14  logic_analyzer.o(i.logAnlysSendDeinit)
    logAnlysSendInit                         0x0800bb0d   Thumb Code    14  logic_analyzer.o(i.logAnlysSendInit)
    logAnlysSendStart                        0x0800bb31   Thumb Code    14  logic_analyzer.o(i.logAnlysSendStart)
    logAnlysSendStop                         0x0800bb55   Thumb Code    14  logic_analyzer.o(i.logAnlysSendStop)
    logAnlysSetPosttrigger                   0x0800bb79   Thumb Code     4  logic_analyzer.o(i.logAnlysSetPosttrigger)
    logAnlysSetPretrigger                    0x0800bb7d   Thumb Code    30  logic_analyzer.o(i.logAnlysSetPretrigger)
    logAnlysSetSamplesNum                    0x0800bba5   Thumb Code    30  logic_analyzer.o(i.logAnlysSetSamplesNum)
    logAnlysSetSamplingFreq                  0x0800bbcd   Thumb Code     4  logic_analyzer.o(i.logAnlysSetSamplingFreq)
    logAnlysSetTriggerChannel                0x0800bbd1   Thumb Code     6  logic_analyzer.o(i.logAnlysSetTriggerChannel)
    logAnlysSetTriggerFalling                0x0800bbd7   Thumb Code     4  logic_analyzer.o(i.logAnlysSetTriggerFalling)
    logAnlysSetTriggerRising                 0x0800bbdb   Thumb Code     4  logic_analyzer.o(i.logAnlysSetTriggerRising)
    main                                     0x0800bbe1   Thumb Code   314  main.o(i.main)
    osDelay                                  0x0800bd21   Thumb Code    16  cmsis_os.o(i.osDelay)
    osKernelStart                            0x0800bd31   Thumb Code    56  cmsis_os.o(i.osKernelStart)
    osThreadCreate                           0x0800bd69   Thumb Code    50  cmsis_os.o(i.osThreadCreate)
    parseCommsCmd                            0x0800bd9d   Thumb Code    80  cmd_parser.o(i.parseCommsCmd)
    parseCounterCmd                          0x0800be15   Thumb Code  1284  cmd_parser.o(i.parseCounterCmd)
    parseGeneratorCmd                        0x0800c32d   Thumb Code   888  cmd_parser.o(i.parseGeneratorCmd)
    parseLogAnlysCmd                         0x0800c725   Thumb Code   502  cmd_parser.o(i.parseLogAnlysCmd)
    parseScopeCmd                            0x0800c97d   Thumb Code  1438  cmd_parser.o(i.parseScopeCmd)
    parseSyncPwmCmd                          0x0800cf51   Thumb Code   430  cmd_parser.o(i.parseSyncPwmCmd)
    parseSystemCmd                           0x0800d14d   Thumb Code    80  cmd_parser.o(i.parseSystemCmd)
    printErrResponse                         0x0800d1c5   Thumb Code   136  cmd_parser.o(i.printErrResponse)
    pvPortMalloc                             0x0800d2e5   Thumb Code   190  heap_2.o(i.pvPortMalloc)
    pxPortInitialiseStack                    0x0800d3b1   Thumb Code    34  port.o(i.pxPortInitialiseStack)
    resetDevice                              0x0800d3d9   Thumb Code     8  clock.o(i.resetDevice)
    samplingDisable                          0x0800d3e9   Thumb Code     4  adc.o(i.samplingDisable)
    samplingEnable                           0x0800d3ed   Thumb Code     4  adc.o(i.samplingEnable)
    scopeGetRanges                           0x0800d3f1   Thumb Code    24  scope.o(i.scopeGetRanges)
    scopeGetRealSmplFreq                     0x0800d411   Thumb Code     6  scope.o(i.scopeGetRealSmplFreq)
    scopeRestart                             0x0800d41d   Thumb Code    14  scope.o(i.scopeRestart)
    scopeSetADCInputChannel                  0x0800d43d   Thumb Code    76  scope.o(i.scopeSetADCInputChannel)
    scopeSetADCInputChannelDefault           0x0800d4a1   Thumb Code    78  scope.o(i.scopeSetADCInputChannelDefault)
    scopeSetADCInputChannelVref              0x0800d509   Thumb Code    78  scope.o(i.scopeSetADCInputChannelVref)
    scopeSetDataDepth                        0x0800d571   Thumb Code   130  scope.o(i.scopeSetDataDepth)
    scopeSetDefault                          0x0800d619   Thumb Code   148  scope.o(i.scopeSetDefault)
    scopeSetNumOfChannels                    0x0800d6d5   Thumb Code   162  scope.o(i.scopeSetNumOfChannels)
    scopeSetNumOfSamples                     0x0800d791   Thumb Code    58  scope.o(i.scopeSetNumOfSamples)
    scopeSetPretrigger                       0x0800d7e1   Thumb Code    30  scope.o(i.scopeSetPretrigger)
    scopeSetSamplingFreq                     0x0800d809   Thumb Code    62  scope.o(i.scopeSetSamplingFreq)
    scopeSetTrigChannel                      0x0800d861   Thumb Code    52  scope.o(i.scopeSetTrigChannel)
    scopeSetTrigLevel                        0x0800d8a9   Thumb Code    30  scope.o(i.scopeSetTrigLevel)
    scopeSetTriggerEdge                      0x0800d8d1   Thumb Code    42  scope.o(i.scopeSetTriggerEdge)
    scopeSetTriggerMode                      0x0800d911   Thumb Code    30  scope.o(i.scopeSetTriggerMode)
    scopeStart                               0x0800d939   Thumb Code    14  scope.o(i.scopeStart)
    scopeStop                                0x0800d955   Thumb Code    14  scope.o(i.scopeStop)
    sendCommsConf                            0x0800d971   Thumb Code    40  comms.o(i.sendCommsConf)
    sendCounterConf                          0x0800d9b1   Thumb Code    72  comms.o(i.sendCounterConf)
    sendGenConf                              0x0800da21   Thumb Code   116  comms.o(i.sendGenConf)
    sendGenPwmConf                           0x0800dab5   Thumb Code    46  comms.o(i.sendGenPwmConf)
    sendLogAnlysConf                         0x0800dafd   Thumb Code   102  comms.o(i.sendLogAnlysConf)
    sendScopeConf                            0x0800dbb9   Thumb Code   122  comms.o(i.sendScopeConf)
    sendScopeInputs                          0x0800dc65   Thumb Code   156  comms.o(i.sendScopeInputs)
    sendShieldPresence                       0x0800dd1d   Thumb Code    28  comms.o(i.sendShieldPresence)
    sendSyncPwmConf                          0x0800dd49   Thumb Code    74  comms.o(i.sendSyncPwmConf)
    sendSystConf                             0x0800ddc5   Thumb Code    34  comms.o(i.sendSystConf)
    sendSystemVersion                        0x0800ddfd   Thumb Code   110  comms.o(i.sendSystemVersion)
    sqrt                                     0x0800deb1   Thumb Code   110  sqrt.o(i.sqrt)
    syncPwmChannelConfig                     0x0800df1f   Thumb Code     6  sync_pwm.o(i.syncPwmChannelConfig)
    syncPwmChannelNumber                     0x0800df25   Thumb Code     6  sync_pwm.o(i.syncPwmChannelNumber)
    syncPwmFreqReconfig                      0x0800df31   Thumb Code     4  sync_pwm.o(i.syncPwmFreqReconfig)
    syncPwmResetStepMode                     0x0800df35   Thumb Code     4  sync_pwm.o(i.syncPwmResetStepMode)
    syncPwmSendDeinit                        0x0800df39   Thumb Code    14  sync_pwm.o(i.syncPwmSendDeinit)
    syncPwmSendInit                          0x0800df5d   Thumb Code    14  sync_pwm.o(i.syncPwmSendInit)
    syncPwmSendStart                         0x0800df81   Thumb Code    14  sync_pwm.o(i.syncPwmSendStart)
    syncPwmSendStop                          0x0800dfa5   Thumb Code    14  sync_pwm.o(i.syncPwmSendStop)
    syncPwmSetChannelState                   0x0800dfc9   Thumb Code     4  sync_pwm.o(i.syncPwmSetChannelState)
    syncPwmSetStepMode                       0x0800dfcd   Thumb Code     4  sync_pwm.o(i.syncPwmSetStepMode)
    uxListRemove                             0x0800dfd1   Thumb Code    36  list.o(i.uxListRemove)
    vApplicationStackOverflowHook            0x0800dff5   Thumb Code     2  freertos.o(i.vApplicationStackOverflowHook)
    vListInitialise                          0x0800dff7   Thumb Code    22  list.o(i.vListInitialise)
    vListInitialiseItem                      0x0800e00d   Thumb Code     6  list.o(i.vListInitialiseItem)
    vListInsert                              0x0800e015   Thumb Code    58  list.o(i.vListInsert)
    vListInsertEnd                           0x0800e04f   Thumb Code    24  list.o(i.vListInsertEnd)
    vPortEnterCritical                       0x0800e069   Thumb Code    24  port.o(i.vPortEnterCritical)
    vPortExitCritical                        0x0800e085   Thumb Code    18  port.o(i.vPortExitCritical)
    vPortFree                                0x0800e09d   Thumb Code    54  heap_2.o(i.vPortFree)
    vPortValidateInterruptPriority           0x0800e0dd   Thumb Code    54  port.o(i.vPortValidateInterruptPriority)
    vPortYield                               0x0800e11d   Thumb Code    18  port.o(i.vPortYield)
    vTaskDelay                               0x0800e135   Thumb Code    82  tasks.o(i.vTaskDelay)
    vTaskMissedYield                         0x0800e18d   Thumb Code     8  tasks.o(i.vTaskMissedYield)
    vTaskPlaceOnEventList                    0x0800e199   Thumb Code    98  tasks.o(i.vTaskPlaceOnEventList)
    vTaskPriorityDisinherit                  0x0800e205   Thumb Code    70  tasks.o(i.vTaskPriorityDisinherit)
    vTaskPriorityInherit                     0x0800e255   Thumb Code    98  tasks.o(i.vTaskPriorityInherit)
    vTaskSetTimeOutState                     0x0800e2c1   Thumb Code    22  tasks.o(i.vTaskSetTimeOutState)
    vTaskStartScheduler                      0x0800e2dd   Thumb Code    66  tasks.o(i.vTaskStartScheduler)
    vTaskSuspendAll                          0x0800e331   Thumb Code    10  tasks.o(i.vTaskSuspendAll)
    vTaskSwitchContext                       0x0800e341   Thumb Code   122  tasks.o(i.vTaskSwitchContext)
    xPortStartScheduler                      0x0800e3c5   Thumb Code   160  port.o(i.xPortStartScheduler)
    xPortSysTickHandler                      0x0800e479   Thumb Code    30  port.o(i.xPortSysTickHandler)
    xQueueCreateMutex                        0x0800e49d   Thumb Code    80  queue.o(i.xQueueCreateMutex)
    xQueueGenericCreate                      0x0800e4ed   Thumb Code   122  queue.o(i.xQueueGenericCreate)
    xQueueGenericReceive                     0x0800e567   Thumb Code   594  queue.o(i.xQueueGenericReceive)
    xQueueGenericSend                        0x0800e7b9   Thumb Code   644  queue.o(i.xQueueGenericSend)
    xQueueGenericSendFromISR                 0x0800ea3d   Thumb Code   232  queue.o(i.xQueueGenericSendFromISR)
    xQueueGiveMutexRecursive                 0x0800eb25   Thumb Code    52  queue.o(i.xQueueGiveMutexRecursive)
    xQueueReceiveFromISR                     0x0800eb59   Thumb Code   142  queue.o(i.xQueueReceiveFromISR)
    xQueueTakeMutexRecursive                 0x0800ebe7   Thumb Code    60  queue.o(i.xQueueTakeMutexRecursive)
    xTaskCheckForTimeOut                     0x0800ec25   Thumb Code    92  tasks.o(i.xTaskCheckForTimeOut)
    xTaskGenericCreate                       0x0800ec85   Thumb Code   402  tasks.o(i.xTaskGenericCreate)
    xTaskGetCurrentTaskHandle                0x0800ee35   Thumb Code     6  tasks.o(i.xTaskGetCurrentTaskHandle)
    xTaskGetSchedulerState                   0x0800ee41   Thumb Code    24  tasks.o(i.xTaskGetSchedulerState)
    xTaskGetTickCount                        0x0800ee5d   Thumb Code    18  tasks.o(i.xTaskGetTickCount)
    xTaskGetTickCountFromISR                 0x0800ee75   Thumb Code    22  tasks.o(i.xTaskGetTickCountFromISR)
    xTaskIncrementTick                       0x0800ee91   Thumb Code   212  tasks.o(i.xTaskIncrementTick)
    xTaskRemoveFromEventList                 0x0800ef6d   Thumb Code    96  tasks.o(i.xTaskRemoveFromEventList)
    xTaskResumeAll                           0x0800efd9   Thumb Code   390  tasks.o(i.xTaskResumeAll)
    AHBPrescTable                            0x0800f2d8   Data          16  system_stm32f3xx.o(.constdata)
    APBPrescTable                            0x0800f2e8   Data           8  system_stm32f3xx.o(.constdata)
    aPLLMULFactorTable                       0x0800f2f0   Data          16  stm32f3xx_hal_rcc.o(.constdata)
    aPredivFactorTable                       0x0800f300   Data          16  stm32f3xx_hal_rcc.o(.constdata)
    RANGES                                   0x0800f338   Data          16  scope.o(.constdata)
    SHIELD_RANGES                            0x0800f348   Data          16  scope.o(.constdata)
    __mathlib_zero                           0x0800f3e0   Data           8  qnan.o(.constdata)
    Region$$Table$$Base                      0x0800f4e0   Number         0  anon$$obj.o(Region$$Table)
    Region$$Table$$Limit                     0x0800f500   Number         0  anon$$obj.o(Region$$Table)
    timCcerRegCc1eVal                        0x20000000   Data           4  tim.o(.data)
    timCcerRegCc2eVal                        0x20000004   Data           4  tim.o(.data)
    trigIsr                                  0x20000008   Data           4  tim.o(.data)
    ueIsr                                    0x2000000c   Data           4  tim.o(.data)
    tim2clk                                  0x20000010   Data           4  tim.o(.data)
    tim4clk                                  0x20000014   Data           4  tim.o(.data)
    outputBuffEn                             0x20000018   Data           4  dac.o(.data)
    ADCResolution                            0x20000024   Data           4  adc.o(.data)
    ADCSamplingTime                          0x20000028   Data           4  adc.o(.data)
    ADCChannel                               0x2000002c   Data           4  adc.o(.data)
    ScopeShieldConnected                     0x2000009c   Data           1  gpio.o(.data)
    SystemCoreClock                          0x200000a0   Data           4  system_stm32f3xx.o(.data)
    uwTick                                   0x200000a4   Data           4  stm32f3xx_hal.o(.data)
    pxCurrentTCB                             0x200000a8   Data           4  tasks.o(.data)
    cmdParserMessageQueue                    0x20000104   Data           4  cmd_parser.o(.data)
    messageQueue                             0x20000108   Data           4  comms.o(.data)
    data                                     0x2000017c   Data           2  scope.o(.data)
    actualIndex                              0x20000190   Data           4  scope.o(.data)
    samplesTaken                             0x20000194   Data           4  scope.o(.data)
    totalSmpTaken                            0x20000198   Data           4  scope.o(.data)
    SmpBeforeTrig                            0x2000019c   Data           4  scope.o(.data)
    SmpAfterTrig                             0x200001a0   Data           4  scope.o(.data)
    scopeMessageQueue                        0x200001a4   Data           4  scope.o(.data)
    generatorMessageQueue                    0x200001b0   Data           4  generator.o(.data)
    counterMessageQueue                      0x200001bc   Data           4  counter.o(.data)
    counterMutex                             0x200001c0   Data           4  counter.o(.data)
    xStartTime                               0x200001c4   Data           4  counter.o(.data)
    syncPwmMessageQueue                      0x200001c8   Data           4  sync_pwm.o(.data)
    syncPwmMutex                             0x200001cc   Data           4  sync_pwm.o(.data)
    taskPass                                 0x200001d0   Data           4  logic_analyzer.o(.data)
    logAnlysMessageQueue                     0x200001d4   Data           4  logic_analyzer.o(.data)
    logAnlysMutex                            0x200001d8   Data           4  logic_analyzer.o(.data)
    htim_scope                               0x200001e0   Data          64  tim.o(.bss)
    htim6                                    0x20000220   Data          64  tim.o(.bss)
    htim7                                    0x20000260   Data          64  tim.o(.bss)
    htim1                                    0x200002a0   Data          64  tim.o(.bss)
    htim3                                    0x200002e0   Data          64  tim.o(.bss)
    hdma_tim6_up                             0x20000320   Data          68  tim.o(.bss)
    hdma_tim7_up                             0x20000364   Data          68  tim.o(.bss)
    htim4                                    0x200003a8   Data          64  tim.o(.bss)
    hdma_tim1_up                             0x200003e8   Data          68  tim.o(.bss)
    hdma_tim4_up                             0x2000042c   Data          68  tim.o(.bss)
    htim8                                    0x20000470   Data          64  tim.o(.bss)
    hdma_tim8_ch1                            0x200004b0   Data          68  tim.o(.bss)
    hdma_tim8_ch2                            0x200004f4   Data          68  tim.o(.bss)
    hdma_tim8_ch3_up                         0x20000538   Data          68  tim.o(.bss)
    hdma_tim8_ch4_trig_com                   0x2000057c   Data          68  tim.o(.bss)
    htim2                                    0x200005c0   Data          64  tim.o(.bss)
    hdma_tim2_up                             0x20000600   Data          68  tim.o(.bss)
    hdma_tim2_ch1                            0x20000644   Data          68  tim.o(.bss)
    hdma_tim2_ch2_ch4                        0x20000688   Data          68  tim.o(.bss)
    hdac                                     0x200006cc   Data          20  dac.o(.bss)
    hdma_dac1_ch1                            0x200006e0   Data          68  dac.o(.bss)
    hdma_dac1_ch2                            0x20000724   Data          68  dac.o(.bss)
    hadc1                                    0x20000768   Data          84  adc.o(.bss)
    hadc2                                    0x200007bc   Data          84  adc.o(.bss)
    hadc3                                    0x20000810   Data          84  adc.o(.bss)
    hadc4                                    0x20000864   Data          84  adc.o(.bss)
    hdma_adc1                                0x200008b8   Data          68  adc.o(.bss)
    hdma_adc2                                0x200008fc   Data          68  adc.o(.bss)
    hdma_adc3                                0x20000940   Data          68  adc.o(.bss)
    hdma_adc4                                0x20000984   Data          68  adc.o(.bss)
    huart2                                   0x200009c8   Data         112  usart.o(.bss)
    hdma_usart2_rx                           0x20000a38   Data          68  usart.o(.bss)
    hdma_usart2_tx                           0x20000a7c   Data          68  usart.o(.bss)
    commTX                                   0x2000524c   Data          12  comms.o(.bss)
    cntMessage                               0x20005258   Data          30  comms.o(.bss)
    scopeBuffer                              0x20005278   Data       30200  scope.o(.bss)
    generator                                0x2000c8b4   Data          44  generator.o(.bss)
    generatorBuffer                          0x2000c8e0   Data        2000  generator.o(.bss)
    counter                                  0x2000d0b0   Data         968  counter.o(.bss)
    syncPwm                                  0x2000d478   Data          26  sync_pwm.o(.bss)
    logAnlys                                 0x2000d494   Data          24  logic_analyzer.o(.bss)
    __initial_sp                             0x2000d9b0   Data           0  startup_stm32f303xe.o(STACK)



==============================================================================

Memory Map of the image

  Image Entry point : 0x08000195

  Load Region LR_IROM1 (Base: 0x08000000, Size: 0x0000f6e0, Max: 0x00080000, ABSOLUTE, COMPRESSED[0x0000f570])

    Execution Region ER_IROM1 (Base: 0x08000000, Size: 0x0000f500, Max: 0x00080000, ABSOLUTE)

    Base Addr    Size         Type   Attr      Idx    E Section Name        Object

    0x08000000   0x00000194   Data   RO         1547    RESET               startup_stm32f303xe.o
    0x08000194   0x00000000   Code   RO         6526  * .ARM.Collect$$$$00000000  mc_w.l(entry.o)
    0x08000194   0x00000004   Code   RO         6847    .ARM.Collect$$$$00000001  mc_w.l(entry2.o)
    0x08000198   0x00000004   Code   RO         6850    .ARM.Collect$$$$00000004  mc_w.l(entry5.o)
    0x0800019c   0x00000000   Code   RO         6852    .ARM.Collect$$$$00000008  mc_w.l(entry7b.o)
    0x0800019c   0x00000000   Code   RO         6854    .ARM.Collect$$$$0000000A  mc_w.l(entry8b.o)
    0x0800019c   0x00000008   Code   RO         6855    .ARM.Collect$$$$0000000B  mc_w.l(entry9a.o)
    0x080001a4   0x00000000   Code   RO         6857    .ARM.Collect$$$$0000000D  mc_w.l(entry10a.o)
    0x080001a4   0x00000000   Code   RO         6859    .ARM.Collect$$$$0000000F  mc_w.l(entry11a.o)
    0x080001a4   0x00000004   Code   RO         6848    .ARM.Collect$$$$00002712  mc_w.l(entry2.o)
    0x080001a8   0x000000ae   Code   RO         5225    .emb_text           port.o
    0x08000256   0x00000002   PAD
    0x08000258   0x00000024   Code   RO         1548    .text               startup_stm32f303xe.o
    0x0800027c   0x00000024   Code   RO         6529    .text               mc_w.l(memcpya.o)
    0x080002a0   0x00000024   Code   RO         6531    .text               mc_w.l(memseta.o)
    0x080002c4   0x000000e4   Code   RO         6796    .text               mf_w.l(dmul.o)
    0x080003a8   0x000000de   Code   RO         6798    .text               mf_w.l(ddiv.o)
    0x08000486   0x00000022   Code   RO         6800    .text               mf_w.l(dflti.o)
    0x080004a8   0x0000001a   Code   RO         6802    .text               mf_w.l(dfltui.o)
    0x080004c2   0x00000032   Code   RO         6804    .text               mf_w.l(dfixui.o)
    0x080004f4   0x00000030   Code   RO         6806    .text               mf_w.l(cdcmple.o)
    0x08000524   0x00000030   Code   RO         6808    .text               mf_w.l(cdrcmple.o)
    0x08000554   0x0000002c   Code   RO         6864    .text               mc_w.l(uidiv.o)
    0x08000580   0x00000062   Code   RO         6866    .text               mc_w.l(uldiv.o)
    0x080005e2   0x00000020   Code   RO         6868    .text               mc_w.l(llushr.o)
    0x08000602   0x00000000   Code   RO         6877    .text               mc_w.l(iusefp.o)
    0x08000602   0x000000ba   Code   RO         6878    .text               mf_w.l(depilogue.o)
    0x080006bc   0x0000014e   Code   RO         6880    .text               mf_w.l(dadd.o)
    0x0800080a   0x0000002e   Code   RO         6884    .text               mf_w.l(dscalb.o)
    0x08000838   0x00000030   Code   RO         6886    .text               mf_w.l(dfixul.o)
    0x08000868   0x00000024   Code   RO         6888    .text               mc_w.l(init.o)
    0x0800088c   0x0000001e   Code   RO         6891    .text               mc_w.l(llshl.o)
    0x080008aa   0x00000024   Code   RO         6893    .text               mc_w.l(llsshr.o)
    0x080008ce   0x000000a2   Code   RO         6896    .text               mf_w.l(dsqrt.o)
    0x08000970   0x00000056   Code   RO         6906    .text               mc_w.l(__dczerorl2.o)
    0x080009c6   0x00000002   PAD
    0x080009c8   0x000000d8   Code   RO         1973    i.ADC_ConversionStop  stm32f3xx_hal_adc_ex.o
    0x08000aa0   0x00000048   Code   RO         1974    i.ADC_DMAConvCplt   stm32f3xx_hal_adc_ex.o
    0x08000ae8   0x00000016   Code   RO         1975    i.ADC_DMAError      stm32f3xx_hal_adc_ex.o
    0x08000afe   0x00000006   Code   RO         1976    i.ADC_DMAHalfConvCplt  stm32f3xx_hal_adc_ex.o
    0x08000b04   0x000000c4   Code   RO         1163    i.ADC_DMA_Reconfig  adc.o
    0x08000bc8   0x00000050   Code   RO         1164    i.ADC_DMA_Stop      adc.o
    0x08000c18   0x0000006c   Code   RO         1977    i.ADC_Disable       stm32f3xx_hal_adc_ex.o
    0x08000c84   0x00000064   Code   RO         1978    i.ADC_Enable        stm32f3xx_hal_adc_ex.o
    0x08000ce8   0x00000090   Code   RO         1165    i.ADC_set_sampling_time  adc.o
    0x08000d78   0x00000134   Code   RO         5976    i.COUNTER_ETR_DMA_CpltCallback  counter.o
    0x08000eac   0x0000001c   Code   RO          370    i.COUNTER_PeriodElapsedCallback  tim.o
    0x08000ec8   0x00000038   Code   RO         1166    i.CalibrateADC      adc.o
    0x08000f00   0x00000250   Code   RO         5367    i.CmdParserTask     cmd_parser.o
    0x08001150   0x00000a20   Code   RO         5448    i.CommTask          comms.o
    0x08001b70   0x0000023c   Code   RO         5979    i.CounterTask       counter.o
    0x08001dac   0x0000000c   Code   RO         1077    i.DACSetOutputBuffer  dac.o
    0x08001db8   0x0000000c   Code   RO         1078    i.DACUnsetOutputBuffer  dac.o
    0x08001dc4   0x00000010   Code   RO         2493    i.DAC_DMAConvCpltCh1  stm32f3xx_hal_dac_ex.o
    0x08001dd4   0x00000010   Code   RO         2494    i.DAC_DMAConvCpltCh2  stm32f3xx_hal_dac_ex.o
    0x08001de4   0x00000018   Code   RO         2495    i.DAC_DMAErrorCh1   stm32f3xx_hal_dac_ex.o
    0x08001dfc   0x00000018   Code   RO         2496    i.DAC_DMAErrorCh2   stm32f3xx_hal_dac_ex.o
    0x08001e14   0x00000006   Code   RO         2497    i.DAC_DMAHalfConvCpltCh1  stm32f3xx_hal_dac_ex.o
    0x08001e1a   0x0000000a   Code   RO         2498    i.DAC_DMAHalfConvCpltCh2  stm32f3xx_hal_dac_ex.o
    0x08001e24   0x00000030   Code   RO         1079    i.DAC_DMA_Reconfig  dac.o
    0x08001e54   0x0000000c   Code   RO          133    i.DMA1_Channel2_IRQHandler  stm32f3xx_it.o
    0x08001e60   0x0000000c   Code   RO          134    i.DMA1_Channel6_IRQHandler  stm32f3xx_it.o
    0x08001e6c   0x00000024   Code   RO          135    i.DMA1_Channel7_IRQHandler  stm32f3xx_it.o
    0x08001e90   0x000000b4   Code   RO         1167    i.DMA_GetCurrDataCounter  adc.o
    0x08001f44   0x00000050   Code   RO          371    i.DMA_Restart       tim.o
    0x08001f94   0x00000018   Code   RO          372    i.DMA_TransferComplete  tim.o
    0x08001fac   0x00000034   Code   RO         1081    i.GeneratingDisable  dac.o
    0x08001fe0   0x00000060   Code   RO         1082    i.GeneratingEnable  dac.o
    0x08002040   0x00000148   Code   RO         5809    i.GeneratorTask     generator.o
    0x08002188   0x00000014   Code   RO         1347    i.GetDMAIndex       usart.o
    0x0800219c   0x0000000c   Code   RO         5590    i.GetNumOfChannels  scope.o
    0x080021a8   0x000000a8   Code   RO         1981    i.HAL_ADCEx_Calibration_Start  stm32f3xx_hal_adc_ex.o
    0x08002250   0x000003b4   Code   RO         2002    i.HAL_ADC_ConfigChannel  stm32f3xx_hal_adc_ex.o
    0x08002604   0x00000002   Code   RO         1825    i.HAL_ADC_ConvCpltCallback  stm32f3xx_hal_adc.o
    0x08002606   0x00000002   Code   RO         1826    i.HAL_ADC_ConvHalfCpltCallback  stm32f3xx_hal_adc.o
    0x08002608   0x000001d4   Code   RO         2003    i.HAL_ADC_DeInit    stm32f3xx_hal_adc_ex.o
    0x080027dc   0x00000002   Code   RO         1828    i.HAL_ADC_ErrorCallback  stm32f3xx_hal_adc.o
    0x080027de   0x00000002   PAD
    0x080027e0   0x000002dc   Code   RO         2006    i.HAL_ADC_Init      stm32f3xx_hal_adc_ex.o
    0x08002abc   0x00000002   Code   RO         1835    i.HAL_ADC_MspDeInit  stm32f3xx_hal_adc.o
    0x08002abe   0x00000002   PAD
    0x08002ac0   0x00000298   Code   RO         1168    i.HAL_ADC_MspInit   adc.o
    0x08002d58   0x00000154   Code   RO         2010    i.HAL_ADC_Start_DMA  stm32f3xx_hal_adc_ex.o
    0x08002eac   0x00000072   Code   RO         2013    i.HAL_ADC_Stop_DMA  stm32f3xx_hal_adc_ex.o
    0x08002f1e   0x00000002   Code   RO         2499    i.HAL_DACEx_ConvCpltCallbackCh2  stm32f3xx_hal_dac_ex.o
    0x08002f20   0x00000002   Code   RO         2500    i.HAL_DACEx_ConvHalfCpltCallbackCh2  stm32f3xx_hal_dac_ex.o
    0x08002f22   0x00000002   Code   RO         2504    i.HAL_DACEx_ErrorCallbackCh2  stm32f3xx_hal_dac_ex.o
    0x08002f24   0x0000004e   Code   RO         2507    i.HAL_DAC_ConfigChannel  stm32f3xx_hal_dac_ex.o
    0x08002f72   0x00000002   Code   RO         2370    i.HAL_DAC_ConvCpltCallbackCh1  stm32f3xx_hal_dac.o
    0x08002f74   0x00000002   Code   RO         2371    i.HAL_DAC_ConvHalfCpltCallbackCh1  stm32f3xx_hal_dac.o
    0x08002f76   0x00000002   Code   RO         2374    i.HAL_DAC_ErrorCallbackCh1  stm32f3xx_hal_dac.o
    0x08002f78   0x00000028   Code   RO         2378    i.HAL_DAC_Init      stm32f3xx_hal_dac.o
    0x08002fa0   0x000000d0   Code   RO         1084    i.HAL_DAC_MspInit   dac.o
    0x08003070   0x000000f8   Code   RO         2512    i.HAL_DAC_Start_DMA  stm32f3xx_hal_dac_ex.o
    0x08003168   0x00000018   Code   RO         2383    i.HAL_DAC_Stop      stm32f3xx_hal_dac.o
    0x08003180   0x0000004e   Code   RO         2384    i.HAL_DAC_Stop_DMA  stm32f3xx_hal_dac.o
    0x080031ce   0x00000030   Code   RO         2625    i.HAL_DMA_Abort     stm32f3xx_hal_dma.o
    0x080031fe   0x0000004c   Code   RO         2626    i.HAL_DMA_Abort_IT  stm32f3xx_hal_dma.o
    0x0800324a   0x00000002   PAD
    0x0800324c   0x0000008c   Code   RO         2627    i.HAL_DMA_DeInit    stm32f3xx_hal_dma.o
    0x080032d8   0x000000cc   Code   RO         2630    i.HAL_DMA_IRQHandler  stm32f3xx_hal_dma.o
    0x080033a4   0x000000ac   Code   RO         2631    i.HAL_DMA_Init      stm32f3xx_hal_dma.o
    0x08003450   0x0000004e   Code   RO         2633    i.HAL_DMA_RegisterCallback  stm32f3xx_hal_dma.o
    0x0800349e   0x00000076   Code   RO         2634    i.HAL_DMA_Start     stm32f3xx_hal_dma.o
    0x08003514   0x00000096   Code   RO         2635    i.HAL_DMA_Start_IT  stm32f3xx_hal_dma.o
    0x080035aa   0x00000052   Code   RO         2636    i.HAL_DMA_UnRegisterCallback  stm32f3xx_hal_dma.o
    0x080035fc   0x00000016   Code   RO         1695    i.HAL_Delay         stm32f3xx_hal.o
    0x08003612   0x00000002   PAD
    0x08003614   0x00000144   Code   RO         2715    i.HAL_GPIO_DeInit   stm32f3xx_hal_gpio.o
    0x08003758   0x00000234   Code   RO         2718    i.HAL_GPIO_Init     stm32f3xx_hal_gpio.o
    0x0800398c   0x0000000a   Code   RO         2720    i.HAL_GPIO_ReadPin  stm32f3xx_hal_gpio.o
    0x08003996   0x0000000a   Code   RO         2722    i.HAL_GPIO_WritePin  stm32f3xx_hal_gpio.o
    0x080039a0   0x00000006   Code   RO         1697    i.HAL_GetHalVersion  stm32f3xx_hal.o
    0x080039a6   0x00000002   PAD
    0x080039a8   0x0000000c   Code   RO         1699    i.HAL_GetTick       stm32f3xx_hal.o
    0x080039b4   0x00000010   Code   RO         1700    i.HAL_IncTick       stm32f3xx_hal.o
    0x080039c4   0x00000024   Code   RO         1701    i.HAL_Init          stm32f3xx_hal.o
    0x080039e8   0x00000028   Code   RO         1702    i.HAL_InitTick      stm32f3xx_hal.o
    0x08003a10   0x0000002c   Code   RO            4    i.HAL_MspInit       stm32f3xx_hal_msp.o
    0x08003a3c   0x00000018   Code   RO         2240    i.HAL_NVIC_ClearPendingIRQ  stm32f3xx_hal_cortex.o
    0x08003a54   0x00000018   Code   RO         2241    i.HAL_NVIC_DisableIRQ  stm32f3xx_hal_cortex.o
    0x08003a6c   0x00000018   Code   RO         2242    i.HAL_NVIC_EnableIRQ  stm32f3xx_hal_cortex.o
    0x08003a84   0x00000064   Code   RO         2248    i.HAL_NVIC_SetPriority  stm32f3xx_hal_cortex.o
    0x08003ae8   0x00000024   Code   RO         2249    i.HAL_NVIC_SetPriorityGrouping  stm32f3xx_hal_cortex.o
    0x08003b0c   0x0000040c   Code   RO         2976    i.HAL_RCCEx_GetPeriphCLKFreq  stm32f3xx_hal_rcc_ex.o
    0x08003f18   0x000002d0   Code   RO         2977    i.HAL_RCCEx_PeriphCLKConfig  stm32f3xx_hal_rcc_ex.o
    0x080041e8   0x00000240   Code   RO         2872    i.HAL_RCC_ClockConfig  stm32f3xx_hal_rcc.o
    0x08004428   0x0000000c   Code   RO         2877    i.HAL_RCC_GetHCLKFreq  stm32f3xx_hal_rcc.o
    0x08004434   0x00000030   Code   RO         2879    i.HAL_RCC_GetPCLK1Freq  stm32f3xx_hal_rcc.o
    0x08004464   0x00000030   Code   RO         2880    i.HAL_RCC_GetPCLK2Freq  stm32f3xx_hal_rcc.o
    0x08004494   0x0000006c   Code   RO         2881    i.HAL_RCC_GetSysClockFreq  stm32f3xx_hal_rcc.o
    0x08004500   0x000005b4   Code   RO         2884    i.HAL_RCC_OscConfig  stm32f3xx_hal_rcc.o
    0x08004ab4   0x00000016   Code   RO         2251    i.HAL_SYSTICK_CLKSourceConfig  stm32f3xx_hal_cortex.o
    0x08004aca   0x00000002   PAD
    0x08004acc   0x0000002c   Code   RO         2253    i.HAL_SYSTICK_Config  stm32f3xx_hal_cortex.o
    0x08004af8   0x0000009e   Code   RO         3648    i.HAL_TIMEx_ConfigBreakDeadTime  stm32f3xx_hal_tim_ex.o
    0x08004b96   0x00000064   Code   RO         3664    i.HAL_TIMEx_MasterConfigSynchronization  stm32f3xx_hal_tim_ex.o
    0x08004bfa   0x00000038   Code   RO         3035    i.HAL_TIM_Base_DeInit  stm32f3xx_hal_tim.o
    0x08004c32   0x00000036   Code   RO         3037    i.HAL_TIM_Base_Init  stm32f3xx_hal_tim.o
    0x08004c68   0x00000280   Code   RO          373    i.HAL_TIM_Base_MspDeInit  tim.o
    0x08004ee8   0x000005e4   Code   RO          374    i.HAL_TIM_Base_MspInit  tim.o
    0x080054cc   0x0000001a   Code   RO         3040    i.HAL_TIM_Base_Start  stm32f3xx_hal_tim.o
    0x080054e6   0x00000018   Code   RO         3042    i.HAL_TIM_Base_Start_IT  stm32f3xx_hal_tim.o
    0x080054fe   0x0000002c   Code   RO         3043    i.HAL_TIM_Base_Stop  stm32f3xx_hal_tim.o
    0x0800552a   0x0000002a   Code   RO         3045    i.HAL_TIM_Base_Stop_IT  stm32f3xx_hal_tim.o
    0x08005554   0x000001c8   Code   RO         3046    i.HAL_TIM_ConfigClockSource  stm32f3xx_hal_tim.o
    0x0800571c   0x000001c0   Code   RO         3067    i.HAL_TIM_IC_ConfigChannel  stm32f3xx_hal_tim.o
    0x080058dc   0x00000036   Code   RO         3070    i.HAL_TIM_IC_Init   stm32f3xx_hal_tim.o
    0x08005912   0x00000002   Code   RO         3072    i.HAL_TIM_IC_MspInit  stm32f3xx_hal_tim.o
    0x08005914   0x00000160   Code   RO         3683    i.HAL_TIM_OC_ConfigChannel  stm32f3xx_hal_tim_ex.o
    0x08005a74   0x00000036   Code   RO         3084    i.HAL_TIM_OC_Init   stm32f3xx_hal_tim.o
    0x08005aaa   0x00000002   Code   RO         3086    i.HAL_TIM_OC_MspInit  stm32f3xx_hal_tim.o
    0x08005aac   0x0000004a   Code   RO         3096    i.HAL_TIM_OnePulse_Init  stm32f3xx_hal_tim.o
    0x08005af6   0x00000002   Code   RO         3098    i.HAL_TIM_OnePulse_MspInit  stm32f3xx_hal_tim.o
    0x08005af8   0x00000218   Code   RO         3684    i.HAL_TIM_PWM_ConfigChannel  stm32f3xx_hal_tim_ex.o
    0x08005d10   0x00000036   Code   RO         3106    i.HAL_TIM_PWM_Init  stm32f3xx_hal_tim.o
    0x08005d46   0x00000002   Code   RO         3108    i.HAL_TIM_PWM_MspInit  stm32f3xx_hal_tim.o
    0x08005d48   0x00000068   Code   RO         3110    i.HAL_TIM_PWM_Start  stm32f3xx_hal_tim.o
    0x08005db0   0x000000a2   Code   RO         3113    i.HAL_TIM_PWM_Stop  stm32f3xx_hal_tim.o
    0x08005e52   0x00000042   Code   RO         3118    i.HAL_TIM_SlaveConfigSynchronization  stm32f3xx_hal_tim.o
    0x08005e94   0x00000002   Code   RO         3926    i.HAL_UART_ErrorCallback  stm32f3xx_hal_uart.o
    0x08005e96   0x0000006e   Code   RO         3930    i.HAL_UART_Init     stm32f3xx_hal_uart.o
    0x08005f04   0x000000bc   Code   RO         1349    i.HAL_UART_MspInit  usart.o
    0x08005fc0   0x00000094   Code   RO         3934    i.HAL_UART_Receive_DMA  stm32f3xx_hal_uart.o
    0x08006054   0x00000002   Code   RO         3936    i.HAL_UART_RxCpltCallback  stm32f3xx_hal_uart.o
    0x08006056   0x00000002   Code   RO         3937    i.HAL_UART_RxHalfCpltCallback  stm32f3xx_hal_uart.o
    0x08006058   0x00000088   Code   RO         3939    i.HAL_UART_Transmit_DMA  stm32f3xx_hal_uart.o
    0x080060e0   0x00000002   Code   RO         3941    i.HAL_UART_TxCpltCallback  stm32f3xx_hal_uart.o
    0x080060e2   0x00000002   Code   RO         3942    i.HAL_UART_TxHalfCpltCallback  stm32f3xx_hal_uart.o
    0x080060e4   0x00000002   Code   RO         1278    i.LED_Off           gpio.o
    0x080060e6   0x00000002   Code   RO         1279    i.LED_On            gpio.o
    0x080060e8   0x00000074   Code   RO         5449    i.LLCommTask        comms.o
    0x0800615c   0x00000054   Code   RO          375    i.LOG_ANLYS_PeriodElapsedCallback  tim.o
    0x080061b0   0x000000b0   Code   RO          376    i.LOG_ANLYS_TriggerEventOccuredCallback  tim.o
    0x08006260   0x000000e0   Code   RO         6389    i.LogAnlysTask      logic_analyzer.o
    0x08006340   0x00000074   Code   RO         1169    i.MX_ADC1_Init      adc.o
    0x080063b4   0x00000074   Code   RO         1170    i.MX_ADC2_Init      adc.o
    0x08006428   0x00000074   Code   RO         1171    i.MX_ADC3_Init      adc.o
    0x0800649c   0x00000074   Code   RO         1172    i.MX_ADC4_Init      adc.o
    0x08006510   0x00000044   Code   RO         1085    i.MX_DAC_Init       dac.o
    0x08006554   0x0000002c   Code   RO         1051    i.MX_DMA_Init       dma.o
    0x08006580   0x000000b4   Code   RO         1281    i.MX_GPIO_Init      gpio.o
    0x08006634   0x00000040   Code   RO          377    i.MX_TIM15_Init     tim.o
    0x08006674   0x00000094   Code   RO          379    i.MX_TIM2_ICorTI_Init  tim.o
    0x08006708   0x000000a8   Code   RO          380    i.MX_TIM4_Init      tim.o
    0x080067b0   0x00000038   Code   RO          382    i.MX_TIM6_Init      tim.o
    0x080067e8   0x00000038   Code   RO          383    i.MX_TIM7_Init      tim.o
    0x08006820   0x000000c4   Code   RO          384    i.MX_TIM8_SYNC_PWM_Init  tim.o
    0x080068e4   0x00000050   Code   RO         1350    i.MX_USART2_UART_Init  usart.o
    0x08006934   0x00000058   Code   RO          385    i.PWMGeneratingDisable  tim.o
    0x0800698c   0x0000007c   Code   RO          386    i.PWMGeneratingEnable  tim.o
    0x08006a08   0x00000030   Code   RO         2978    i.RCC_GetPLLCLKFreq  stm32f3xx_hal_rcc_ex.o
    0x08006a38   0x00000194   Code   RO         5591    i.ScopeTask         scope.o
    0x08006bcc   0x00000334   Code   RO         5592    i.ScopeTriggerTask  scope.o
    0x08006f00   0x00000028   Code   RO          244    i.StartThread       main.o
    0x08006f28   0x0000009c   Code   RO         6276    i.SyncPwmTask       sync_pwm.o
    0x08006fc4   0x00000016   Code   RO          136    i.SysTick_Handler   stm32f3xx_it.o
    0x08006fda   0x00000002   PAD
    0x08006fdc   0x00000080   Code   RO         1518    i.SystemClock_Config  clock.o
    0x0800705c   0x00000068   Code   RO         1651    i.SystemInit        system_stm32f3xx.o
    0x080070c4   0x0000002c   Code   RO          137    i.TIM4_IRQHandler   stm32f3xx_it.o
    0x080070f0   0x00000038   Code   RO          387    i.TIMGenDacDeinit   tim.o
    0x08007128   0x0000001c   Code   RO          388    i.TIMGenDisable     tim.o
    0x08007144   0x0000001c   Code   RO          389    i.TIMGenEnable      tim.o
    0x08007160   0x00000060   Code   RO          390    i.TIMGenInit        tim.o
    0x080071c0   0x00000048   Code   RO          393    i.TIMGenPwmDeinit   tim.o
    0x08007208   0x00000148   Code   RO          394    i.TIMGenPwmInit     tim.o
    0x08007350   0x0000000c   Code   RO          395    i.TIMScopeDisable   tim.o
    0x0800735c   0x0000000c   Code   RO          396    i.TIMScopeEnable    tim.o
    0x08007368   0x0000004c   Code   RO          397    i.TIM_ARR_PSC_Config  tim.o
    0x080073b4   0x00000014   Code   RO          398    i.TIM_ARR_PSC_Reconfig  tim.o
    0x080073c8   0x000000cc   Code   RO         3121    i.TIM_Base_SetConfig  stm32f3xx_hal_tim.o
    0x08007494   0x0000001a   Code   RO         3122    i.TIM_CCxChannelCmd  stm32f3xx_hal_tim.o
    0x080074ae   0x00000002   PAD
    0x080074b0   0x0000004c   Code   RO          402    i.TIM_DMA_Reconfig  tim.o
    0x080074fc   0x0000002a   Code   RO          403    i.TIM_ETPS_GetPrescaler  tim.o
    0x08007526   0x00000002   PAD
    0x08007528   0x000000e0   Code   RO          404    i.TIM_ETRP_Config   tim.o
    0x08007608   0x0000005c   Code   RO          405    i.TIM_ETR_Start     tim.o
    0x08007664   0x00000030   Code   RO          406    i.TIM_ETR_Stop      tim.o
    0x08007694   0x00000040   Code   RO          407    i.TIM_EnableTrigger  tim.o
    0x080076d4   0x00000014   Code   RO          408    i.TIM_GEN_PWM_ARR_Config  tim.o
    0x080076e8   0x00000014   Code   RO          409    i.TIM_GEN_PWM_PSC_Config  tim.o
    0x080076fc   0x0000002a   Code   RO          416    i.TIM_IC1PSC_GetPrescaler  tim.o
    0x08007726   0x00000016   Code   RO          417    i.TIM_IC1_FallingOnly  tim.o
    0x0800773c   0x00000036   Code   RO          418    i.TIM_IC1_PSC_Config  tim.o
    0x08007772   0x0000000e   Code   RO          419    i.TIM_IC1_RisingFalling  tim.o
    0x08007780   0x0000000e   Code   RO          420    i.TIM_IC1_RisingOnly  tim.o
    0x0800778e   0x0000002a   Code   RO          422    i.TIM_IC2PSC_GetPrescaler  tim.o
    0x080077b8   0x00000016   Code   RO          423    i.TIM_IC2_FallingOnly  tim.o
    0x080077ce   0x00000036   Code   RO          424    i.TIM_IC2_PSC_Config  tim.o
    0x08007804   0x0000000e   Code   RO          425    i.TIM_IC2_RisingFalling  tim.o
    0x08007812   0x0000000e   Code   RO          426    i.TIM_IC2_RisingOnly  tim.o
    0x08007820   0x00000044   Code   RO          427    i.TIM_IC_DutyCycleDmaRestart  tim.o
    0x08007864   0x000000a8   Code   RO          428    i.TIM_IC_DutyCycle_Deinit  tim.o
    0x0800790c   0x000000e4   Code   RO          429    i.TIM_IC_DutyCycle_Init  tim.o
    0x080079f0   0x00000074   Code   RO          430    i.TIM_IC_DutyCycle_Start  tim.o
    0x08007a64   0x0000003c   Code   RO          431    i.TIM_IC_DutyCycle_Stop  tim.o
    0x08007aa0   0x00000070   Code   RO          432    i.TIM_IC_Start      tim.o
    0x08007b10   0x00000054   Code   RO          433    i.TIM_IC_Stop       tim.o
    0x08007b64   0x00000028   Code   RO          434    i.TIM_LogAnlys_Deinit  tim.o
    0x08007b8c   0x00000058   Code   RO          435    i.TIM_LogAnlys_FallingTrigger  tim.o
    0x08007be4   0x000000b0   Code   RO          438    i.TIM_LogAnlys_Init  tim.o
    0x08007c94   0x00000050   Code   RO          439    i.TIM_LogAnlys_RisingTrigger  tim.o
    0x08007ce4   0x00000034   Code   RO          442    i.TIM_LogAnlys_Start  tim.o
    0x08007d18   0x00000034   Code   RO          443    i.TIM_LogAnlys_Stop  tim.o
    0x08007d4c   0x000000b4   Code   RO         3129    i.TIM_OC1_SetConfig  stm32f3xx_hal_tim.o
    0x08007e00   0x000000a0   Code   RO         3130    i.TIM_OC2_SetConfig  stm32f3xx_hal_tim.o
    0x08007ea0   0x000000a0   Code   RO         3131    i.TIM_OC3_SetConfig  stm32f3xx_hal_tim.o
    0x08007f40   0x00000080   Code   RO         3132    i.TIM_OC4_SetConfig  stm32f3xx_hal_tim.o
    0x08007fc0   0x00000018   Code   RO          444    i.TIM_PostTrigger_ARR_PSC_Reconfig  tim.o
    0x08007fd8   0x00000014   Code   RO          445    i.TIM_PostTrigger_SoftwareStart  tim.o
    0x08007fec   0x00000024   Code   RO          446    i.TIM_PreTriggerDelay  tim.o
    0x08008010   0x00000010   Code   RO          447    i.TIM_REF_SecondInputDisable  tim.o
    0x08008020   0x000000ae   Code   RO          448    i.TIM_Reconfig      tim.o
    0x080080ce   0x00000002   PAD
    0x080080d0   0x00000020   Code   RO          449    i.TIM_Reconfig_gen  tim.o
    0x080080f0   0x0000000c   Code   RO          450    i.TIM_Reconfig_scope  tim.o
    0x080080fc   0x00000048   Code   RO          453    i.TIM_SYNC_PWM_ChannelState  tim.o
    0x08008144   0x00000030   Code   RO          454    i.TIM_SYNC_PWM_DMA_ChanConfig  tim.o
    0x08008174   0x00000024   Code   RO          455    i.TIM_SYNC_PWM_Deinit  tim.o
    0x08008198   0x00000014   Code   RO          456    i.TIM_SYNC_PWM_Init  tim.o
    0x080081ac   0x000000f0   Code   RO          457    i.TIM_SYNC_PWM_Start  tim.o
    0x0800829c   0x0000001c   Code   RO          458    i.TIM_SYNC_PWM_StepMode_Disable  tim.o
    0x080082b8   0x0000001c   Code   RO          459    i.TIM_SYNC_PWM_StepMode_Enable  tim.o
    0x080082d4   0x00000128   Code   RO          460    i.TIM_SYNC_PWM_Stop  tim.o
    0x080083fc   0x00000030   Code   RO          461    i.TIM_SamplingFreq_ARR_PSC_Reconfig  tim.o
    0x0800842c   0x000000dc   Code   RO         3133    i.TIM_SlaveTimer_SetConfig  stm32f3xx_hal_tim.o
    0x08008508   0x00000038   Code   RO          467    i.TIM_TI_Sequence_AB  tim.o
    0x08008540   0x00000038   Code   RO          468    i.TIM_TI_Sequence_BA  tim.o
    0x08008578   0x0000018c   Code   RO          469    i.TIM_TI_Start      tim.o
    0x08008704   0x00000050   Code   RO          470    i.TIM_TI_Stop       tim.o
    0x08008754   0x000001a4   Code   RO          471    i.TIM_TriggerConfig  tim.o
    0x080088f8   0x000000ac   Code   RO          472    i.TIM_counter_etr_init  tim.o
    0x080089a4   0x00000034   Code   RO          473    i.TIM_counter_ic_init  tim.o
    0x080089d8   0x000000c4   Code   RO          474    i.TIM_counter_ref_init  tim.o
    0x08008a9c   0x000000bc   Code   RO          475    i.TIM_counter_ti_init  tim.o
    0x08008b58   0x0000001c   Code   RO          477    i.TIM_etr_deinit    tim.o
    0x08008b74   0x0000001c   Code   RO          478    i.TIM_ic_deinit     tim.o
    0x08008b90   0x0000001c   Code   RO          479    i.TIM_ref_deinit    tim.o
    0x08008bac   0x00000050   Code   RO          480    i.TIM_ti_deinit     tim.o
    0x08008bfc   0x000000da   Code   RO         3943    i.UART_AdvFeatureConfig  stm32f3xx_hal_uart.o
    0x08008cd6   0x00000060   Code   RO         3944    i.UART_CheckIdleState  stm32f3xx_hal_uart.o
    0x08008d36   0x0000006c   Code   RO         3946    i.UART_DMAError     stm32f3xx_hal_uart.o
    0x08008da2   0x00000040   Code   RO         3947    i.UART_DMAReceiveCplt  stm32f3xx_hal_uart.o
    0x08008de2   0x0000000a   Code   RO         3949    i.UART_DMARxHalfCplt  stm32f3xx_hal_uart.o
    0x08008dec   0x00000032   Code   RO         3951    i.UART_DMATransmitCplt  stm32f3xx_hal_uart.o
    0x08008e1e   0x0000000a   Code   RO         3953    i.UART_DMATxHalfCplt  stm32f3xx_hal_uart.o
    0x08008e28   0x00000248   Code   RO         3957    i.UART_SetConfig    stm32f3xx_hal_uart.o
    0x08009070   0x00000076   Code   RO         3959    i.UART_WaitOnFlagUntilTimeout  stm32f3xx_hal_uart.o
    0x080090e6   0x00000002   PAD
    0x080090e8   0x00000030   Code   RO         1351    i.UARTsendBuff      usart.o
    0x08009118   0x0000001c   Code   RO          138    i.USART2_IRQHandler  stm32f3xx_it.o
    0x08009134   0x00000028   Code   RO         6770    i.__0sprintf        mc_w.l(printfa.o)
    0x0800915c   0x00000030   Code   RO         6830    i.__ARM_fpclassify  m_wm.l(fpclassify.o)
    0x0800918c   0x00000004   PAD
    0x08009190   0x00000c50   Code   RO         6512    i.__hardfp_pow      m_wm.l(pow.o)
    0x08009de0   0x000000f8   Code   RO         6832    i.__kernel_poly     m_wm.l(poly.o)
    0x08009ed8   0x00000030   Code   RO         6810    i.__mathlib_dbl_divzero  m_wm.l(dunder.o)
    0x08009f08   0x00000014   Code   RO         6812    i.__mathlib_dbl_infnan2  m_wm.l(dunder.o)
    0x08009f1c   0x00000004   PAD
    0x08009f20   0x00000020   Code   RO         6813    i.__mathlib_dbl_invalid  m_wm.l(dunder.o)
    0x08009f40   0x00000020   Code   RO         6814    i.__mathlib_dbl_overflow  m_wm.l(dunder.o)
    0x08009f60   0x00000020   Code   RO         6816    i.__mathlib_dbl_underflow  m_wm.l(dunder.o)
    0x08009f80   0x0000000e   Code   RO         6900    i.__scatterload_copy  mc_w.l(handlers.o)
    0x08009f8e   0x00000002   Code   RO         6901    i.__scatterload_null  mc_w.l(handlers.o)
    0x08009f90   0x0000000e   Code   RO         6902    i.__scatterload_zeroinit  mc_w.l(handlers.o)
    0x08009f9e   0x00000002   PAD
    0x08009fa0   0x0000000c   Code   RO         6872    i.__set_errno       mc_w.l(errno.o)
    0x08009fac   0x00000184   Code   RO         6775    i._fp_digits        mc_w.l(printfa.o)
    0x0800a130   0x000006dc   Code   RO         6776    i._printf_core      mc_w.l(printfa.o)
    0x0800a80c   0x00000024   Code   RO         6777    i._printf_post_padding  mc_w.l(printfa.o)
    0x0800a830   0x0000002e   Code   RO         6778    i._printf_pre_padding  mc_w.l(printfa.o)
    0x0800a85e   0x0000000a   Code   RO         6780    i._sputc            mc_w.l(printfa.o)
    0x0800a868   0x00000014   Code   RO         1173    i.adcSetDefaultInputs  adc.o
    0x0800a87c   0x0000008c   Code   RO         1174    i.adcSetInputChannel  adc.o
    0x0800a908   0x0000009c   Code   RO         1175    i.adcSetResolution  adc.o
    0x0800a9a4   0x00000040   Code   RO         5452    i.commBufferReadByte  comms.o
    0x0800a9e4   0x00000068   Code   RO         5453    i.commBufferReadNBytes  comms.o
    0x0800aa4c   0x00000088   Code   RO         5455    i.commInputByte     comms.o
    0x0800aad4   0x00000004   Code   RO         1412    i.commsRecieveUART  comms_hal.o
    0x0800aad8   0x000000ec   Code   RO         1415    i.commsSendBuffDMA  comms_hal.o
    0x0800abc4   0x00000064   Code   RO         1416    i.commsSendDMA      comms_hal.o
    0x0800ac28   0x00000022   Code   RO         1418    i.commsSendInt32DMA  comms_hal.o
    0x0800ac4a   0x00000016   Code   RO         1419    i.commsSendString   comms_hal.o
    0x0800ac60   0x00000128   Code   RO         1420    i.commsSendStringDMA  comms_hal.o
    0x0800ad88   0x00000022   Code   RO         1422    i.commsSendUint32DMA  comms_hal.o
    0x0800adaa   0x00000002   PAD
    0x0800adac   0x00000024   Code   RO         5980    i.counterDeinit     counter.o
    0x0800add0   0x00000044   Code   RO         5981    i.counterEtrRefSetDefault  counter.o
    0x0800ae14   0x00000014   Code   RO         5984    i.counterIc1DutyCycleDeinit  counter.o
    0x0800ae28   0x00000010   Code   RO         5985    i.counterIc1DutyCycleInit  counter.o
    0x0800ae38   0x00000014   Code   RO         5987    i.counterIc2DutyCycleDeinit  counter.o
    0x0800ae4c   0x00000010   Code   RO         5988    i.counterIc2DutyCycleInit  counter.o
    0x0800ae5c   0x00000004   Code   RO         5989    i.counterIcDutyCycleDisable  counter.o
    0x0800ae60   0x00000004   Code   RO         5990    i.counterIcDutyCycleEnable  counter.o
    0x0800ae64   0x00000004   PAD
    0x0800ae68   0x00000170   Code   RO         5991    i.counterIcDutyCycleProcess  counter.o
    0x0800afd8   0x00000164   Code   RO         5992    i.counterIcProcess  counter.o
    0x0800b13c   0x00000058   Code   RO         5993    i.counterIcTiSetDefault  counter.o
    0x0800b194   0x00000020   Code   RO         5998    i.counterPeriodElapsedCallback  counter.o
    0x0800b1b4   0x00000024   Code   RO         5999    i.counterSendStart  counter.o
    0x0800b1d8   0x00000024   Code   RO         6000    i.counterSendStop   counter.o
    0x0800b1fc   0x00000028   Code   RO         6001    i.counterSetEtrGate  counter.o
    0x0800b224   0x00000018   Code   RO         6002    i.counterSetIc1Prescaler  counter.o
    0x0800b23c   0x00000034   Code   RO         6003    i.counterSetIc1SampleCount  counter.o
    0x0800b270   0x00000018   Code   RO         6004    i.counterSetIc2Prescaler  counter.o
    0x0800b288   0x00000034   Code   RO         6005    i.counterSetIc2SampleCount  counter.o
    0x0800b2bc   0x00000010   Code   RO         6006    i.counterSetIcTi1_Falling  counter.o
    0x0800b2cc   0x00000010   Code   RO         6007    i.counterSetIcTi1_Rising  counter.o
    0x0800b2dc   0x00000014   Code   RO         6008    i.counterSetIcTi1_RisingFalling  counter.o
    0x0800b2f0   0x00000010   Code   RO         6009    i.counterSetIcTi2_Falling  counter.o
    0x0800b300   0x00000010   Code   RO         6010    i.counterSetIcTi2_Rising  counter.o
    0x0800b310   0x00000014   Code   RO         6011    i.counterSetIcTi2_RisingFalling  counter.o
    0x0800b324   0x0000007c   Code   RO         6012    i.counterSetMode    counter.o
    0x0800b3a0   0x00000018   Code   RO         6013    i.counterSetRefArr  counter.o
    0x0800b3b8   0x00000018   Code   RO         6014    i.counterSetRefPsc  counter.o
    0x0800b3d0   0x00000010   Code   RO         6015    i.counterSetTiMode_Dependent  counter.o
    0x0800b3e0   0x00000010   Code   RO         6016    i.counterSetTiMode_Independent  counter.o
    0x0800b3f0   0x00000004   Code   RO         6017    i.counterSetTiSequence_AB  counter.o
    0x0800b3f4   0x00000004   Code   RO         6018    i.counterSetTiSequence_BA  counter.o
    0x0800b3f8   0x0000000c   Code   RO         6019    i.counterSetTiTimeout  counter.o
    0x0800b404   0x00000124   Code   RO         6022    i.counterTiProcess  counter.o
    0x0800b528   0x00000058   Code   RO         1282    i.detectScopeShield  gpio.o
    0x0800b580   0x00000018   Code   RO         6826    i.fabs              m_wm.l(fabs.o)
    0x0800b598   0x00000030   Code   RO         1423    i.flushBuff         comms_hal.o
    0x0800b5c8   0x00000020   Code   RO         5811    i.genDataOKSendNext  generator.o
    0x0800b5e8   0x00000010   Code   RO         5812    i.genGetRealSmplFreq  generator.o
    0x0800b5f8   0x0000001c   Code   RO         5815    i.genReset          generator.o
    0x0800b614   0x00000024   Code   RO         5816    i.genSendRealSamplingFreq  generator.o
    0x0800b638   0x0000013c   Code   RO         5817    i.genSetDAC         generator.o
    0x0800b774   0x0000008c   Code   RO         5818    i.genSetData        generator.o
    0x0800b800   0x00000038   Code   RO         5819    i.genSetFrequency   generator.o
    0x0800b838   0x00000054   Code   RO         5820    i.genSetLength      generator.o
    0x0800b88c   0x00000048   Code   RO         5821    i.genSetMode        generator.o
    0x0800b8d4   0x00000094   Code   RO         5822    i.genSetNumOfChannels  generator.o
    0x0800b968   0x00000004   Code   RO         5823    i.genSetOutputBuffer  generator.o
    0x0800b96c   0x00000006   Code   RO         5824    i.genSetPwmFrequencyARR  generator.o
    0x0800b972   0x00000006   Code   RO         5825    i.genSetPwmFrequencyPSC  generator.o
    0x0800b978   0x0000001c   Code   RO         5826    i.genStart          generator.o
    0x0800b994   0x0000001c   Code   RO         5827    i.genStatusOK       generator.o
    0x0800b9b0   0x0000001c   Code   RO         5828    i.genStop           generator.o
    0x0800b9cc   0x00000004   Code   RO         5829    i.genUnsetOutputBuffer  generator.o
    0x0800b9d0   0x00000018   Code   RO         5833    i.generator_deinit  generator.o
    0x0800b9e8   0x0000000c   Code   RO         5593    i.getADCRes         scope.o
    0x0800b9f4   0x00000034   Code   RO         5457    i.getBytesAvailable  comms.o
    0x0800ba28   0x00000010   Code   RO         5594    i.getDataPointer    scope.o
    0x0800ba38   0x00000028   Code   RO          481    i.getMaxScopeSamplingFreq  tim.o
    0x0800ba60   0x0000000c   Code   RO         5596    i.getOneChanMemSize  scope.o
    0x0800ba6c   0x0000000c   Code   RO         5597    i.getPretrigger     scope.o
    0x0800ba78   0x0000000c   Code   RO         5598    i.getSamples        scope.o
    0x0800ba84   0x0000000c   Code   RO         5599    i.getScopeState     scope.o
    0x0800ba90   0x0000000c   Code   RO         5600    i.getTriggerIndex   scope.o
    0x0800ba9c   0x0000000c   Code   RO         1283    i.isScopeShieldConnected  gpio.o
    0x0800baa8   0x00000014   Code   RO         1353    i.isXferComplete    usart.o
    0x0800babc   0x0000002c   Code   RO         6392    i.logAnlysPeriodElapsedCallback  logic_analyzer.o
    0x0800bae8   0x00000024   Code   RO         6393    i.logAnlysSendDeinit  logic_analyzer.o
    0x0800bb0c   0x00000024   Code   RO         6394    i.logAnlysSendInit  logic_analyzer.o
    0x0800bb30   0x00000024   Code   RO         6395    i.logAnlysSendStart  logic_analyzer.o
    0x0800bb54   0x00000024   Code   RO         6396    i.logAnlysSendStop  logic_analyzer.o
    0x0800bb78   0x00000004   Code   RO         6398    i.logAnlysSetPosttrigger  logic_analyzer.o
    0x0800bb7c   0x00000028   Code   RO         6399    i.logAnlysSetPretrigger  logic_analyzer.o
    0x0800bba4   0x00000028   Code   RO         6400    i.logAnlysSetSamplesNum  logic_analyzer.o
    0x0800bbcc   0x00000004   Code   RO         6401    i.logAnlysSetSamplingFreq  logic_analyzer.o
    0x0800bbd0   0x00000006   Code   RO         6402    i.logAnlysSetTriggerChannel  logic_analyzer.o
    0x0800bbd6   0x00000004   Code   RO         6403    i.logAnlysSetTriggerFalling  logic_analyzer.o
    0x0800bbda   0x00000004   Code   RO         6404    i.logAnlysSetTriggerRising  logic_analyzer.o
    0x0800bbde   0x00000002   PAD
    0x0800bbe0   0x00000140   Code   RO          245    i.main              main.o
    0x0800bd20   0x00000010   Code   RO         4898    i.osDelay           cmsis_os.o
    0x0800bd30   0x00000038   Code   RO         4901    i.osKernelStart     cmsis_os.o
    0x0800bd68   0x00000032   Code   RO         4928    i.osThreadCreate    cmsis_os.o
    0x0800bd9a   0x00000002   PAD
    0x0800bd9c   0x00000078   Code   RO         5369    i.parseCommsCmd     cmd_parser.o
    0x0800be14   0x00000518   Code   RO         5370    i.parseCounterCmd   cmd_parser.o
    0x0800c32c   0x000003f8   Code   RO         5371    i.parseGeneratorCmd  cmd_parser.o
    0x0800c724   0x00000258   Code   RO         5372    i.parseLogAnlysCmd  cmd_parser.o
    0x0800c97c   0x000005d4   Code   RO         5373    i.parseScopeCmd     cmd_parser.o
    0x0800cf50   0x000001fc   Code   RO         5374    i.parseSyncPwmCmd   cmd_parser.o
    0x0800d14c   0x00000078   Code   RO         5375    i.parseSystemCmd    cmd_parser.o
    0x0800d1c4   0x000000a0   Code   RO         5376    i.printErrResponse  cmd_parser.o
    0x0800d264   0x00000064   Code   RO         4537    i.prvIdleTask       tasks.o
    0x0800d2c8   0x0000001c   Code   RO         5226    i.prvTaskExitError  port.o
    0x0800d2e4   0x000000cc   Code   RO         5332    i.pvPortMalloc      heap_2.o
    0x0800d3b0   0x00000028   Code   RO         5227    i.pxPortInitialiseStack  port.o
    0x0800d3d8   0x00000010   Code   RO         1519    i.resetDevice       clock.o
    0x0800d3e8   0x00000004   Code   RO         1176    i.samplingDisable   adc.o
    0x0800d3ec   0x00000004   Code   RO         1177    i.samplingEnable    adc.o
    0x0800d3f0   0x00000020   Code   RO         5602    i.scopeGetRanges    scope.o
    0x0800d410   0x0000000c   Code   RO         5603    i.scopeGetRealSmplFreq  scope.o
    0x0800d41c   0x00000020   Code   RO         5605    i.scopeRestart      scope.o
    0x0800d43c   0x00000064   Code   RO         5606    i.scopeSetADCInputChannel  scope.o
    0x0800d4a0   0x00000068   Code   RO         5607    i.scopeSetADCInputChannelDefault  scope.o
    0x0800d508   0x00000068   Code   RO         5608    i.scopeSetADCInputChannelVref  scope.o
    0x0800d570   0x000000a4   Code   RO         5609    i.scopeSetDataDepth  scope.o
    0x0800d614   0x00000004   PAD
    0x0800d618   0x000000bc   Code   RO         5610    i.scopeSetDefault   scope.o
    0x0800d6d4   0x000000bc   Code   RO         5611    i.scopeSetNumOfChannels  scope.o
    0x0800d790   0x00000050   Code   RO         5612    i.scopeSetNumOfSamples  scope.o
    0x0800d7e0   0x00000028   Code   RO         5613    i.scopeSetPretrigger  scope.o
    0x0800d808   0x00000058   Code   RO         5614    i.scopeSetSamplingFreq  scope.o
    0x0800d860   0x00000048   Code   RO         5615    i.scopeSetTrigChannel  scope.o
    0x0800d8a8   0x00000028   Code   RO         5616    i.scopeSetTrigLevel  scope.o
    0x0800d8d0   0x00000040   Code   RO         5617    i.scopeSetTriggerEdge  scope.o
    0x0800d910   0x00000028   Code   RO         5618    i.scopeSetTriggerMode  scope.o
    0x0800d938   0x0000001c   Code   RO         5619    i.scopeStart        scope.o
    0x0800d954   0x0000001c   Code   RO         5620    i.scopeStop         scope.o
    0x0800d970   0x00000040   Code   RO         5458    i.sendCommsConf     comms.o
    0x0800d9b0   0x00000070   Code   RO         5459    i.sendCounterConf   comms.o
    0x0800da20   0x00000094   Code   RO         5460    i.sendGenConf       comms.o
    0x0800dab4   0x00000048   Code   RO         5461    i.sendGenPwmConf    comms.o
    0x0800dafc   0x000000bc   Code   RO         5462    i.sendLogAnlysConf  comms.o
    0x0800dbb8   0x000000ac   Code   RO         5463    i.sendScopeConf     comms.o
    0x0800dc64   0x000000b8   Code   RO         5464    i.sendScopeInputs   comms.o
    0x0800dd1c   0x0000002c   Code   RO         5465    i.sendShieldPresence  comms.o
    0x0800dd48   0x0000007c   Code   RO         5466    i.sendSyncPwmConf   comms.o
    0x0800ddc4   0x00000038   Code   RO         5467    i.sendSystConf      comms.o
    0x0800ddfc   0x000000b4   Code   RO         5468    i.sendSystemVersion  comms.o
    0x0800deb0   0x0000006e   Code   RO         6837    i.sqrt              m_wm.l(sqrt.o)
    0x0800df1e   0x00000006   Code   RO         6277    i.syncPwmChannelConfig  sync_pwm.o
    0x0800df24   0x0000000c   Code   RO         6278    i.syncPwmChannelNumber  sync_pwm.o
    0x0800df30   0x00000004   Code   RO         6280    i.syncPwmFreqReconfig  sync_pwm.o
    0x0800df34   0x00000004   Code   RO         6282    i.syncPwmResetStepMode  sync_pwm.o
    0x0800df38   0x00000024   Code   RO         6283    i.syncPwmSendDeinit  sync_pwm.o
    0x0800df5c   0x00000024   Code   RO         6284    i.syncPwmSendInit   sync_pwm.o
    0x0800df80   0x00000024   Code   RO         6285    i.syncPwmSendStart  sync_pwm.o
    0x0800dfa4   0x00000024   Code   RO         6286    i.syncPwmSendStop   sync_pwm.o
    0x0800dfc8   0x00000004   Code   RO         6287    i.syncPwmSetChannelState  sync_pwm.o
    0x0800dfcc   0x00000004   Code   RO         6289    i.syncPwmSetStepMode  sync_pwm.o
    0x0800dfd0   0x00000024   Code   RO         5296    i.uxListRemove      list.o
    0x0800dff4   0x00000002   Code   RO         1332    i.vApplicationStackOverflowHook  freertos.o
    0x0800dff6   0x00000016   Code   RO         5297    i.vListInitialise   list.o
    0x0800e00c   0x00000006   Code   RO         5298    i.vListInitialiseItem  list.o
    0x0800e012   0x00000002   PAD
    0x0800e014   0x0000003a   Code   RO         5299    i.vListInsert       list.o
    0x0800e04e   0x00000018   Code   RO         5300    i.vListInsertEnd    list.o
    0x0800e066   0x00000002   PAD
    0x0800e068   0x0000001c   Code   RO         5229    i.vPortEnterCritical  port.o
    0x0800e084   0x00000018   Code   RO         5230    i.vPortExitCritical  port.o
    0x0800e09c   0x00000040   Code   RO         5333    i.vPortFree         heap_2.o
    0x0800e0dc   0x00000040   Code   RO         5232    i.vPortValidateInterruptPriority  port.o
    0x0800e11c   0x00000018   Code   RO         5233    i.vPortYield        port.o
    0x0800e134   0x00000058   Code   RO         4543    i.vTaskDelay        tasks.o
    0x0800e18c   0x0000000c   Code   RO         4547    i.vTaskMissedYield  tasks.o
    0x0800e198   0x0000006c   Code   RO         4548    i.vTaskPlaceOnEventList  tasks.o
    0x0800e204   0x00000050   Code   RO         4549    i.vTaskPriorityDisinherit  tasks.o
    0x0800e254   0x0000006c   Code   RO         4550    i.vTaskPriorityInherit  tasks.o
    0x0800e2c0   0x0000001c   Code   RO         4554    i.vTaskSetTimeOutState  tasks.o
    0x0800e2dc   0x00000054   Code   RO         4555    i.vTaskStartScheduler  tasks.o
    0x0800e330   0x00000010   Code   RO         4557    i.vTaskSuspendAll   tasks.o
    0x0800e340   0x00000084   Code   RO         4558    i.vTaskSwitchContext  tasks.o
    0x0800e3c4   0x000000b4   Code   RO         5234    i.xPortStartScheduler  port.o
    0x0800e478   0x00000024   Code   RO         5235    i.xPortSysTickHandler  port.o
    0x0800e49c   0x00000050   Code   RO         4767    i.xQueueCreateMutex  queue.o
    0x0800e4ec   0x0000007a   Code   RO         4768    i.xQueueGenericCreate  queue.o
    0x0800e566   0x00000252   Code   RO         4769    i.xQueueGenericReceive  queue.o
    0x0800e7b8   0x00000284   Code   RO         4771    i.xQueueGenericSend  queue.o
    0x0800ea3c   0x000000e8   Code   RO         4772    i.xQueueGenericSendFromISR  queue.o
    0x0800eb24   0x00000034   Code   RO         4773    i.xQueueGiveMutexRecursive  queue.o
    0x0800eb58   0x0000008e   Code   RO         4777    i.xQueueReceiveFromISR  queue.o
    0x0800ebe6   0x0000003c   Code   RO         4778    i.xQueueTakeMutexRecursive  queue.o
    0x0800ec22   0x00000002   PAD
    0x0800ec24   0x00000060   Code   RO         4559    i.xTaskCheckForTimeOut  tasks.o
    0x0800ec84   0x000001b0   Code   RO         4560    i.xTaskGenericCreate  tasks.o
    0x0800ee34   0x0000000c   Code   RO         4561    i.xTaskGetCurrentTaskHandle  tasks.o
    0x0800ee40   0x0000001c   Code   RO         4562    i.xTaskGetSchedulerState  tasks.o
    0x0800ee5c   0x00000018   Code   RO         4563    i.xTaskGetTickCount  tasks.o
    0x0800ee74   0x0000001c   Code   RO         4564    i.xTaskGetTickCountFromISR  tasks.o
    0x0800ee90   0x000000dc   Code   RO         4565    i.xTaskIncrementTick  tasks.o
    0x0800ef6c   0x0000006c   Code   RO         4567    i.xTaskRemoveFromEventList  tasks.o
    0x0800efd8   0x00000190   Code   RO         4568    i.xTaskResumeAll    tasks.o
    0x0800f168   0x000000c8   Data   RO          246    .constdata          main.o
    0x0800f230   0x000000a8   Data   RO         1179    .constdata          adc.o
    0x0800f2d8   0x00000010   Data   RO         1652    .constdata          system_stm32f3xx.o
    0x0800f2e8   0x00000008   Data   RO         1653    .constdata          system_stm32f3xx.o
    0x0800f2f0   0x00000020   Data   RO         2885    .constdata          stm32f3xx_hal_rcc.o
    0x0800f310   0x00000018   Data   RO         2979    .constdata          stm32f3xx_hal_rcc_ex.o
    0x0800f328   0x00000004   Data   RO         5473    .constdata          comms.o
    0x0800f32c   0x0000002c   Data   RO         5624    .constdata          scope.o
    0x0800f358   0x00000088   Data   RO         6515    .constdata          m_wm.l(pow.o)
    0x0800f3e0   0x00000008   Data   RO         6834    .constdata          m_wm.l(qnan.o)
    0x0800f3e8   0x00000093   Data   RO          247    .conststring        main.o
    0x0800f47b   0x00000001   PAD
    0x0800f47c   0x00000061   Data   RO         5474    .conststring        comms.o
    0x0800f4dd   0x00000003   PAD
    0x0800f4e0   0x00000020   Data   RO         6898    Region$$Table       anon$$obj.o


    Execution Region RW_IRAM1 (Base: 0x20000000, Size: 0x0000d9b0, Max: 0x00010000, ABSOLUTE, COMPRESSED[0x00000070])

    Base Addr    Size         Type   Attr      Idx    E Section Name        Object

    0x20000000   0x00000018   Data   RW          483    .data               tim.o
    0x20000018   0x00000004   Data   RW         1087    .data               dac.o
    0x2000001c   0x00000080   Data   RW         1180    .data               adc.o
    0x2000009c   0x00000001   Data   RW         1284    .data               gpio.o
    0x2000009d   0x00000003   PAD
    0x200000a0   0x00000004   Data   RW         1654    .data               system_stm32f3xx.o
    0x200000a4   0x00000004   Data   RW         1707    .data               stm32f3xx_hal.o
    0x200000a8   0x00000038   Data   RW         4571    .data               tasks.o
    0x200000e0   0x0000000c   Data   RW         5236    .data               port.o
    0x200000ec   0x00000018   Data   RW         5337    .data               heap_2.o
    0x20000104   0x00000004   Data   RW         5377    .data               cmd_parser.o
    0x20000108   0x00000074   Data   RW         5475    .data               comms.o
    0x2000017c   0x00000034   Data   RW         5625    .data               scope.o
    0x200001b0   0x00000004   Data   RW         5836    .data               generator.o
    0x200001b4   0x00000014   Data   RW         6026    .data               counter.o
    0x200001c8   0x00000008   Data   RW         6293    .data               sync_pwm.o
    0x200001d0   0x0000000c   Data   RW         6408    .data               logic_analyzer.o
    0x200001dc   0x00000004   Data   RW         6873    .data               mc_w.l(errno.o)
    0x200001e0   0x000004ec   Zero   RW          482    .bss                tim.o
    0x200006cc   0x0000009c   Zero   RW         1086    .bss                dac.o
    0x20000768   0x00000260   Zero   RW         1178    .bss                adc.o
    0x200009c8   0x000000f8   Zero   RW         1354    .bss                usart.o
    0x20000ac0   0x000000f0   Zero   RW         4570    .bss                tasks.o
    0x20000bb0   0x0000448e   Zero   RW         5336    .bss                heap_2.o
    0x2000503e   0x00000002   PAD
    0x20005040   0x00000236   Zero   RW         5469    .bss                comms.o
    0x20005276   0x00000002   PAD
    0x20005278   0x0000763c   Zero   RW         5623    .bss                scope.o
    0x2000c8b4   0x000007fc   Zero   RW         5834    .bss                generator.o
    0x2000d0b0   0x000003c8   Zero   RW         6024    .bss                counter.o
    0x2000d478   0x0000001a   Zero   RW         6292    .bss                sync_pwm.o
    0x2000d492   0x00000002   PAD
    0x2000d494   0x00000018   Zero   RW         6407    .bss                logic_analyzer.o
    0x2000d4ac   0x00000004   PAD
    0x2000d4b0   0x00000500   Zero   RW         1545    STACK               startup_stm32f303xe.o


==============================================================================

Image component sizes


      Code (inc. data)   RO Data    RW Data    ZI Data      Debug   Object Name

      2108        302        168        128        608      14794   adc.o
       144         12          0          0          0       1139   clock.o
      5912        936          0          4          0      23949   cmd_parser.o
       122          0          0          0          0       7363   cmsis_os.o
      4408       1054        101        116        566      19222   comms.o
       774         36          0          0          0       6581   comms_hal.o
      2792        536          0         20        968      24774   counter.o
       496         68          0          4        156       5089   dac.o
        44          4          0          0          0        826   dma.o
         2          0          0          0          0        544   freertos.o
      1384        248          0          4       2044      14810   generator.o
       284         24          0          1          0       3226   gpio.o
       268         24          0         24      17550       3699   heap_2.o
       146          0          0          0          0       3810   list.o
       514        170          0         12         24       9675   logic_analyzer.o
       360         24        347          0          0       2006   main.o
       598         80          0         12          0       9226   port.o
      1926          0          0          0          0      12886   queue.o
      2728        464         44         52      30268      25204   scope.o
        36          8        404          0       1280        960   startup_stm32f303xe.o
       132         22          0          4          0       4599   stm32f3xx_hal.o
         8          0          0          0          0       2758   stm32f3xx_hal_adc.o
      3294        142          0          0          0      12761   stm32f3xx_hal_adc_ex.o
       274         16          0          0          0      32234   stm32f3xx_hal_cortex.o
       148          0          0          0          0       4380   stm32f3xx_hal_dac.o
       428         26          0          0          0       7941   stm32f3xx_hal_dac_ex.o
      1068         56          0          0          0       8603   stm32f3xx_hal_dma.o
       908         28          0          0          0       4081   stm32f3xx_hal_gpio.o
        44          4          0          0          0     698610   stm32f3xx_hal_msp.o
      2252         88         32          0          0       6590   stm32f3xx_hal_rcc.o
      1804         44         24          0          0       4665   stm32f3xx_hal_rcc_ex.o
      2804         94          0          0          0      22684   stm32f3xx_hal_tim.o
      1146         48          0          0          0       5215   stm32f3xx_hal_tim_ex.o
      1662         60          0          0          0      13420   stm32f3xx_hal_uart.o
       154         40          0          0          0      20757   stm32f3xx_it.o
       334        102          0          8         26       7880   sync_pwm.o
       104         20         24          4          0       1503   system_stm32f3xx.o
      2104        174          0         56        240      21640   tasks.o
      9320       1122          0         24       1260      57235   tim.o
       356         48          0          0        248       3761   usart.o

    ----------------------------------------------------------------------
     53434       6128       1180        476      55248    1131100   Object Totals
         0          0         32          0          0          0   (incl. Generated)
        44          4          4          3         10          0   (incl. Padding)

    ----------------------------------------------------------------------

      Code (inc. data)   RO Data    RW Data    ZI Data      Debug   Library Member Name

       164         44          0          0          0        620   dunder.o
        24          0          0          0          0        124   fabs.o
        48          0          0          0          0        124   fpclassify.o
       248          0          0          0          0        152   poly.o
      3152        296        136          0          0        352   pow.o
         0          0          8          0          0          0   qnan.o
       110          0          0          0          0        148   sqrt.o
        86          0          0          0          0          0   __dczerorl2.o
         0          0          0          0          0          0   entry.o
         0          0          0          0          0          0   entry10a.o
         0          0          0          0          0          0   entry11a.o
         8          4          0          0          0          0   entry2.o
         4          0          0          0          0          0   entry5.o
         0          0          0          0          0          0   entry7b.o
         0          0          0          0          0          0   entry8b.o
         8          4          0          0          0          0   entry9a.o
        12          6          0          4          0         68   errno.o
        30          0          0          0          0          0   handlers.o
        36          8          0          0          0         68   init.o
         0          0          0          0          0          0   iusefp.o
        30          0          0          0          0         68   llshl.o
        36          0          0          0          0         68   llsshr.o
        32          0          0          0          0         68   llushr.o
        36          0          0          0          0         68   memcpya.o
        36          0          0          0          0        108   memseta.o
      2276         86          0          0          0        520   printfa.o
        44          0          0          0          0         80   uidiv.o
        98          0          0          0          0         92   uldiv.o
        48          0          0          0          0         68   cdcmple.o
        48          0          0          0          0         68   cdrcmple.o
       334          0          0          0          0        148   dadd.o
       222          0          0          0          0        100   ddiv.o
       186          0          0          0          0        176   depilogue.o
        50          0          0          0          0         76   dfixui.o
        48          0          0          0          0         68   dfixul.o
        34          0          0          0          0         76   dflti.o
        26          0          0          0          0         76   dfltui.o
       228          0          0          0          0         96   dmul.o
        46          0          0          0          0         80   dscalb.o
       162          0          0          0          0        100   dsqrt.o

    ----------------------------------------------------------------------
      7962        448        144          4          0       3860   Library Totals
        12          0          0          0          0          0   (incl. Padding)

    ----------------------------------------------------------------------

      Code (inc. data)   RO Data    RW Data    ZI Data      Debug   Library Name

      3746        340        144          0          0       1520   m_wm.l
      2772        108          0          4          0       1208   mc_w.l
      1432          0          0          0          0       1132   mf_w.l

    ----------------------------------------------------------------------
      7962        448        144          4          0       3860   Library Totals

    ----------------------------------------------------------------------

==============================================================================


      Code (inc. data)   RO Data    RW Data    ZI Data      Debug   

     61396       6576       1324        480      55248    1090296   Grand Totals
     61396       6576       1324        112      55248    1090296   ELF Image Totals (compressed)
     61396       6576       1324        112          0          0   ROM Totals

==============================================================================

    Total RO  Size (Code + RO Data)                62720 (  61.25kB)
    Total RW  Size (RW Data + ZI Data)             55728 (  54.42kB)
    Total ROM Size (Code + RO Data + RW Data)      62832 (  61.36kB)

==============================================================================

